#0 building with "buoy-builder" instance using docker-container driver

#1 [internal] load build definition from Dockerfile
#1 transferring dockerfile: 1.02kB 0.0s done
#1 DONE 0.0s

#2 [linux/amd64 internal] load metadata for docker.io/library/python:3.13-slim
#2 ...

#3 [linux/arm64 internal] load metadata for docker.io/library/python:3.13-slim
#3 DONE 0.6s

#4 [internal] load .dockerignore
#4 transferring context: 1.07kB done
#4 DONE 0.0s

#2 [linux/amd64 internal] load metadata for docker.io/library/python:3.13-slim
#2 DONE 0.6s

#5 [linux/arm64 1/6] FROM docker.io/library/python:3.13-slim@sha256:326df678c20c78d465db501563f3492d17c42a4afe33a1f2bf5406a1d56b0e86
#5 resolve docker.io/library/python:3.13-slim@sha256:326df678c20c78d465db501563f3492d17c42a4afe33a1f2bf5406a1d56b0e86 done
#5 DONE 0.0s

#6 [linux/amd64 1/6] FROM docker.io/library/python:3.13-slim@sha256:326df678c20c78d465db501563f3492d17c42a4afe33a1f2bf5406a1d56b0e86
#6 resolve docker.io/library/python:3.13-slim@sha256:326df678c20c78d465db501563f3492d17c42a4afe33a1f2bf5406a1d56b0e86 done
#6 DONE 0.0s

#7 [internal] load build context
#7 transferring context: 40.47kB 0.0s done
#7 DONE 0.0s

#8 [linux/amd64 2/6] WORKDIR /app
#8 CACHED

#9 [linux/amd64 3/6] COPY requirements.txt ./
#9 CACHED

#10 [linux/arm64 2/6] WORKDIR /app
#10 CACHED

#11 [linux/arm64 3/6] COPY requirements.txt ./
#11 CACHED

#12 [linux/arm64 4/6] RUN apt-get update     && apt-get install -y --no-install-recommends gcc build-essential curl ca-certificates     && pip install --no-cache-dir -r requirements.txt     && apt-get remove -y gcc build-essential     && apt-get autoremove -y     && rm -rf /var/lib/apt/lists/*
#12 0.396 Hit:1 http://deb.debian.org/debian trixie InRelease
#12 0.438 Get:2 http://deb.debian.org/debian trixie-updates InRelease [47.3 kB]
#12 0.511 Get:3 http://deb.debian.org/debian-security trixie-security InRelease [43.4 kB]
#12 0.610 Get:4 http://deb.debian.org/debian trixie/main arm64 Packages [9607 kB]
#12 2.266 Get:5 http://deb.debian.org/debian trixie-updates/main arm64 Packages [5404 B]
#12 2.296 Get:6 http://deb.debian.org/debian-security trixie-security/main arm64 Packages [76.7 kB]
#12 3.390 Fetched 9779 kB in 3s (3118 kB/s)
#12 3.390 Reading package lists...
#12 4.587 Reading package lists...
#12 6.198 Building dependency tree...
#12 6.606 Reading state information...
#12 7.072 ca-certificates is already the newest version (20250419).
#12 7.072 The following additional packages will be installed:
#12 7.072   binutils binutils-aarch64-linux-gnu binutils-common bzip2 cpp cpp-14
#12 7.072   cpp-14-aarch64-linux-gnu cpp-aarch64-linux-gnu dpkg-dev g++ g++-14
#12 7.072   g++-14-aarch64-linux-gnu g++-aarch64-linux-gnu gcc-14
#12 7.072   gcc-14-aarch64-linux-gnu gcc-aarch64-linux-gnu libasan8 libatomic1
#12 7.072   libbinutils libbrotli1 libc-dev-bin libc6-dev libcc1-0 libcom-err2
#12 7.072   libcrypt-dev libctf-nobfd0 libctf0 libcurl4t64 libdpkg-perl libgcc-14-dev
#12 7.072   libgdbm-compat4t64 libgnutls30t64 libgomp1 libgprofng0 libgssapi-krb5-2
#12 7.072   libhwasan0 libidn2-0 libisl23 libitm1 libjansson4 libk5crypto3 libkeyutils1
#12 7.072   libkrb5-3 libkrb5support0 libldap2 liblsan0 libmpc3 libmpfr6 libnghttp2-14
#12 7.072   libnghttp3-9 libp11-kit0 libperl5.40 libpsl5t64 librtmp1 libsasl2-2
#12 7.072   libsasl2-modules-db libsframe1 libssh2-1t64 libstdc++-14-dev libtasn1-6
#12 7.073   libtsan2 libubsan1 libunistring5 linux-libc-dev make patch perl
#12 7.073   perl-modules-5.40 rpcsvc-proto xz-utils
#12 7.075 Suggested packages:
#12 7.075   binutils-doc gprofng-gui binutils-gold bzip2-doc cpp-doc gcc-14-locales
#12 7.075   cpp-14-doc debian-keyring debian-tag2upload-keyring gcc-14-doc gcc-multilib
#12 7.075   manpages-dev autoconf automake libtool flex bison gdb gcc-doc
#12 7.075   gdb-aarch64-linux-gnu libc-devtools glibc-doc sq | sqop | rsop | gosop
#12 7.075   | pgpainless-cli | gpg-sq | gnupg sensible-utils git bzr gnutls-bin krb5-doc
#12 7.075   krb5-user libstdc++-14-doc make-doc ed diffutils-doc perl-doc
#12 7.075   libterm-readline-gnu-perl | libterm-readline-perl-perl
#12 7.075   libtap-harness-archive-perl
#12 7.075 Recommended packages:
#12 7.075   bash-completion fakeroot sq | sqop | rsop | gosop | pgpainless-cli | gpg-sq
#12 7.075   | gnupg libalgorithm-merge-perl manpages manpages-dev libfile-fcntllock-perl
#12 7.075   liblocale-gettext-perl krb5-locales libldap-common publicsuffix
#12 7.075   libsasl2-modules
#12 7.695 The following NEW packages will be installed:
#12 7.695   binutils binutils-aarch64-linux-gnu binutils-common build-essential bzip2
#12 7.696   cpp cpp-14 cpp-14-aarch64-linux-gnu cpp-aarch64-linux-gnu curl dpkg-dev g++
#12 7.696   g++-14 g++-14-aarch64-linux-gnu g++-aarch64-linux-gnu gcc gcc-14
#12 7.696   gcc-14-aarch64-linux-gnu gcc-aarch64-linux-gnu libasan8 libatomic1
#12 7.696   libbinutils libbrotli1 libc-dev-bin libc6-dev libcc1-0 libcom-err2
#12 7.696   libcrypt-dev libctf-nobfd0 libctf0 libcurl4t64 libdpkg-perl libgcc-14-dev
#12 7.696   libgdbm-compat4t64 libgnutls30t64 libgomp1 libgprofng0 libgssapi-krb5-2
#12 7.696   libhwasan0 libidn2-0 libisl23 libitm1 libjansson4 libk5crypto3 libkeyutils1
#12 7.696   libkrb5-3 libkrb5support0 libldap2 liblsan0 libmpc3 libmpfr6 libnghttp2-14
#12 7.697   libnghttp3-9 libp11-kit0 libperl5.40 libpsl5t64 librtmp1 libsasl2-2
#12 7.697   libsasl2-modules-db libsframe1 libssh2-1t64 libstdc++-14-dev libtasn1-6
#12 7.697   libtsan2 libubsan1 libunistring5 linux-libc-dev make patch perl
#12 7.699   perl-modules-5.40 rpcsvc-proto xz-utils
#12 7.844 0 upgraded, 73 newly installed, 0 to remove and 0 not upgraded.
#12 7.844 Need to get 77.5 MB of archives.
#12 7.844 After this operation, 338 MB of additional disk space will be used.
#12 7.844 Get:1 http://deb.debian.org/debian trixie/main arm64 bzip2 arm64 1.0.8-6 [39.5 kB]
#12 7.881 Get:2 http://deb.debian.org/debian trixie/main arm64 perl-modules-5.40 all 5.40.1-6 [3019 kB]
#12 8.234 Get:3 http://deb.debian.org/debian trixie/main arm64 libgdbm-compat4t64 arm64 1.24-2 [50.3 kB]
#12 8.234 Get:4 http://deb.debian.org/debian trixie/main arm64 libperl5.40 arm64 5.40.1-6 [4142 kB]
#12 8.743 Get:5 http://deb.debian.org/debian trixie/main arm64 perl arm64 5.40.1-6 [267 kB]
#12 8.794 Get:6 http://deb.debian.org/debian trixie/main arm64 xz-utils arm64 5.8.1-1 [657 kB]
#12 8.883 Get:7 http://deb.debian.org/debian trixie/main arm64 libsframe1 arm64 2.44-3 [77.8 kB]
#12 8.884 Get:8 http://deb.debian.org/debian trixie/main arm64 binutils-common arm64 2.44-3 [2509 kB]
#12 ...

#13 [linux/amd64 4/6] RUN apt-get update     && apt-get install -y --no-install-recommends gcc build-essential curl ca-certificates     && pip install --no-cache-dir -r requirements.txt     && apt-get remove -y gcc build-essential     && apt-get autoremove -y     && rm -rf /var/lib/apt/lists/*
#13 0.688 Hit:1 http://deb.debian.org/debian trixie InRelease
#13 0.690 Get:2 http://deb.debian.org/debian trixie-updates InRelease [47.3 kB]
#13 0.735 Get:3 http://deb.debian.org/debian-security trixie-security InRelease [43.4 kB]
#13 0.938 Get:4 http://deb.debian.org/debian trixie/main amd64 Packages [9670 kB]
#13 1.628 Get:5 http://deb.debian.org/debian trixie-updates/main amd64 Packages [5412 B]
#13 1.629 Get:6 http://deb.debian.org/debian-security trixie-security/main amd64 Packages [76.0 kB]
#13 3.004 Fetched 9842 kB in 3s (3918 kB/s)
#13 3.004 Reading package lists...
#13 4.340 Reading package lists...
#13 5.817 Building dependency tree...
#13 6.364 Reading state information...
#13 6.955 ca-certificates is already the newest version (20250419).
#13 6.955 The following additional packages will be installed:
#13 6.956   binutils binutils-common binutils-x86-64-linux-gnu bzip2 cpp cpp-14
#13 6.956   cpp-14-x86-64-linux-gnu cpp-x86-64-linux-gnu dpkg-dev g++ g++-14
#13 6.956   g++-14-x86-64-linux-gnu g++-x86-64-linux-gnu gcc-14 gcc-14-x86-64-linux-gnu
#13 6.956   gcc-x86-64-linux-gnu libasan8 libatomic1 libbinutils libbrotli1 libc-dev-bin
#13 6.956   libc6-dev libcc1-0 libcom-err2 libcrypt-dev libctf-nobfd0 libctf0
#13 6.961   libcurl4t64 libdpkg-perl libgcc-14-dev libgdbm-compat4t64 libgnutls30t64
#13 6.961   libgomp1 libgprofng0 libgssapi-krb5-2 libhwasan0 libidn2-0 libisl23 libitm1
#13 6.961   libjansson4 libk5crypto3 libkeyutils1 libkrb5-3 libkrb5support0 libldap2
#13 6.961   liblsan0 libmpc3 libmpfr6 libnghttp2-14 libnghttp3-9 libp11-kit0 libperl5.40
#13 6.963   libpsl5t64 libquadmath0 librtmp1 libsasl2-2 libsasl2-modules-db libsframe1
#13 6.963   libssh2-1t64 libstdc++-14-dev libtasn1-6 libtsan2 libubsan1 libunistring5
#13 6.966   linux-libc-dev make patch perl perl-modules-5.40 rpcsvc-proto xz-utils
#13 6.971 Suggested packages:
#13 6.971   binutils-doc gprofng-gui binutils-gold bzip2-doc cpp-doc gcc-14-locales
#13 6.971   cpp-14-doc debian-keyring debian-tag2upload-keyring g++-multilib
#13 6.971   g++-14-multilib gcc-14-doc gcc-multilib manpages-dev autoconf automake
#13 6.971   libtool flex bison gdb gcc-doc gcc-14-multilib gdb-x86-64-linux-gnu
#13 6.971   libc-devtools glibc-doc sq | sqop | rsop | gosop | pgpainless-cli | gpg-sq
#13 6.971   | gnupg sensible-utils git bzr gnutls-bin krb5-doc krb5-user
#13 6.971   libstdc++-14-doc make-doc ed diffutils-doc perl-doc
#13 6.971   libterm-readline-gnu-perl | libterm-readline-perl-perl
#13 6.971   libtap-harness-archive-perl
#13 6.971 Recommended packages:
#13 6.971   bash-completion fakeroot sq | sqop | rsop | gosop | pgpainless-cli | gpg-sq
#13 6.971   | gnupg libalgorithm-merge-perl manpages manpages-dev libfile-fcntllock-perl
#13 6.971   liblocale-gettext-perl krb5-locales libldap-common publicsuffix
#13 6.971   libsasl2-modules
#13 7.389 The following NEW packages will be installed:
#13 7.389   binutils binutils-common binutils-x86-64-linux-gnu build-essential bzip2 cpp
#13 7.389   cpp-14 cpp-14-x86-64-linux-gnu cpp-x86-64-linux-gnu curl dpkg-dev g++ g++-14
#13 7.389   g++-14-x86-64-linux-gnu g++-x86-64-linux-gnu gcc gcc-14
#13 7.389   gcc-14-x86-64-linux-gnu gcc-x86-64-linux-gnu libasan8 libatomic1 libbinutils
#13 7.389   libbrotli1 libc-dev-bin libc6-dev libcc1-0 libcom-err2 libcrypt-dev
#13 7.389   libctf-nobfd0 libctf0 libcurl4t64 libdpkg-perl libgcc-14-dev
#13 7.389   libgdbm-compat4t64 libgnutls30t64 libgomp1 libgprofng0 libgssapi-krb5-2
#13 7.389   libhwasan0 libidn2-0 libisl23 libitm1 libjansson4 libk5crypto3 libkeyutils1
#13 7.389   libkrb5-3 libkrb5support0 libldap2 liblsan0 libmpc3 libmpfr6 libnghttp2-14
#13 7.390   libnghttp3-9 libp11-kit0 libperl5.40 libpsl5t64 libquadmath0 librtmp1
#13 7.390   libsasl2-2 libsasl2-modules-db libsframe1 libssh2-1t64 libstdc++-14-dev
#13 7.390   libtasn1-6 libtsan2 libubsan1 libunistring5 linux-libc-dev make patch perl
#13 7.391   perl-modules-5.40 rpcsvc-proto xz-utils
#13 7.661 0 upgraded, 74 newly installed, 0 to remove and 0 not upgraded.
#13 7.661 Need to get 87.2 MB of archives.
#13 7.661 After this operation, 351 MB of additional disk space will be used.
#13 7.661 Get:1 http://deb.debian.org/debian trixie/main amd64 bzip2 amd64 1.0.8-6 [40.5 kB]
#13 7.695 Get:2 http://deb.debian.org/debian trixie/main amd64 perl-modules-5.40 all 5.40.1-6 [3019 kB]
#13 8.162 Get:3 http://deb.debian.org/debian trixie/main amd64 libgdbm-compat4t64 amd64 1.24-2 [50.3 kB]
#13 8.163 Get:4 http://deb.debian.org/debian trixie/main amd64 libperl5.40 amd64 5.40.1-6 [4341 kB]
#13 8.574 Get:5 http://deb.debian.org/debian trixie/main amd64 perl amd64 5.40.1-6 [267 kB]
#13 8.577 Get:6 http://deb.debian.org/debian trixie/main amd64 xz-utils amd64 5.8.1-1 [660 kB]
#13 8.636 Get:7 http://deb.debian.org/debian trixie/main amd64 libsframe1 amd64 2.44-3 [78.4 kB]
#13 8.648 Get:8 http://deb.debian.org/debian trixie/main amd64 binutils-common amd64 2.44-3 [2509 kB]
#13 8.870 Get:9 http://deb.debian.org/debian trixie/main amd64 libbinutils amd64 2.44-3 [534 kB]
#13 8.916 Get:10 http://deb.debian.org/debian trixie/main amd64 libgprofng0 amd64 2.44-3 [808 kB]
#13 8.982 Get:11 http://deb.debian.org/debian trixie/main amd64 libctf-nobfd0 amd64 2.44-3 [156 kB]
#13 8.985 Get:12 http://deb.debian.org/debian trixie/main amd64 libctf0 amd64 2.44-3 [88.6 kB]
#13 8.999 Get:13 http://deb.debian.org/debian trixie/main amd64 libjansson4 amd64 2.14-2+b3 [39.8 kB]
#13 9.046 Get:14 http://deb.debian.org/debian trixie/main amd64 binutils-x86-64-linux-gnu amd64 2.44-3 [1014 kB]
#13 9.147 Get:15 http://deb.debian.org/debian trixie/main amd64 binutils amd64 2.44-3 [265 kB]
#13 9.157 Get:16 http://deb.debian.org/debian trixie/main amd64 libc-dev-bin amd64 2.41-12 [58.2 kB]
#13 9.162 Get:17 http://deb.debian.org/debian trixie/main amd64 linux-libc-dev all 6.12.57-1 [2692 kB]
#13 ...

#12 [linux/arm64 4/6] RUN apt-get update     && apt-get install -y --no-install-recommends gcc build-essential curl ca-certificates     && pip install --no-cache-dir -r requirements.txt     && apt-get remove -y gcc build-essential     && apt-get autoremove -y     && rm -rf /var/lib/apt/lists/*
#12 9.172 Get:9 http://deb.debian.org/debian trixie/main arm64 libbinutils arm64 2.44-3 [660 kB]
#12 9.267 Get:10 http://deb.debian.org/debian trixie/main arm64 libgprofng0 arm64 2.44-3 [668 kB]
#12 9.435 Get:11 http://deb.debian.org/debian trixie/main arm64 libctf-nobfd0 arm64 2.44-3 [152 kB]
#12 9.437 Get:12 http://deb.debian.org/debian trixie/main arm64 libctf0 arm64 2.44-3 [84.2 kB]
#12 9.440 Get:13 http://deb.debian.org/debian trixie/main arm64 libjansson4 arm64 2.14-2+b3 [39.2 kB]
#12 9.591 Get:14 http://deb.debian.org/debian trixie/main arm64 binutils-aarch64-linux-gnu arm64 2.44-3 [820 kB]
#12 9.709 Get:15 http://deb.debian.org/debian trixie/main arm64 binutils arm64 2.44-3 [262 kB]
#12 9.733 Get:16 http://deb.debian.org/debian trixie/main arm64 libc-dev-bin arm64 2.41-12 [57.4 kB]
#12 9.775 Get:17 http://deb.debian.org/debian trixie/main arm64 linux-libc-dev all 6.12.57-1 [2692 kB]
#12 10.14 Get:18 http://deb.debian.org/debian trixie/main arm64 libcrypt-dev arm64 1:4.4.38-1 [123 kB]
#12 10.18 Get:19 http://deb.debian.org/debian trixie/main arm64 rpcsvc-proto arm64 1.4.3-1+b1 [60.5 kB]
#12 10.21 Get:20 http://deb.debian.org/debian trixie/main arm64 libc6-dev arm64 2.41-12 [1621 kB]
#12 10.52 Get:21 http://deb.debian.org/debian trixie/main arm64 libisl23 arm64 0.27-1 [601 kB]
#12 10.55 Get:22 http://deb.debian.org/debian trixie/main arm64 libmpfr6 arm64 4.2.2-1 [685 kB]
#12 10.60 Get:23 http://deb.debian.org/debian trixie/main arm64 libmpc3 arm64 1.3.1-1+b3 [50.5 kB]
#12 10.61 Get:24 http://deb.debian.org/debian trixie/main arm64 cpp-14-aarch64-linux-gnu arm64 14.2.0-19 [9169 kB]
#12 11.63 Get:25 http://deb.debian.org/debian trixie/main arm64 cpp-14 arm64 14.2.0-19 [1276 B]
#12 11.63 Get:26 http://deb.debian.org/debian trixie/main arm64 cpp-aarch64-linux-gnu arm64 4:14.2.0-1 [4832 B]
#12 11.63 Get:27 http://deb.debian.org/debian trixie/main arm64 cpp arm64 4:14.2.0-1 [1568 B]
#12 11.64 Get:28 http://deb.debian.org/debian trixie/main arm64 libcc1-0 arm64 14.2.0-19 [42.2 kB]
#12 11.64 Get:29 http://deb.debian.org/debian trixie/main arm64 libgomp1 arm64 14.2.0-19 [124 kB]
#12 11.64 Get:30 http://deb.debian.org/debian trixie/main arm64 libitm1 arm64 14.2.0-19 [24.2 kB]
#12 11.65 Get:31 http://deb.debian.org/debian trixie/main arm64 libatomic1 arm64 14.2.0-19 [10.1 kB]
#12 11.68 Get:32 http://deb.debian.org/debian trixie/main arm64 libasan8 arm64 14.2.0-19 [2578 kB]
#12 12.01 Get:33 http://deb.debian.org/debian trixie/main arm64 liblsan0 arm64 14.2.0-19 [1161 kB]
#12 12.17 Get:34 http://deb.debian.org/debian trixie/main arm64 libtsan2 arm64 14.2.0-19 [2383 kB]
#12 12.43 Get:35 http://deb.debian.org/debian trixie/main arm64 libubsan1 arm64 14.2.0-19 [1039 kB]
#12 12.55 Get:36 http://deb.debian.org/debian trixie/main arm64 libhwasan0 arm64 14.2.0-19 [1442 kB]
#12 12.78 Get:37 http://deb.debian.org/debian trixie/main arm64 libgcc-14-dev arm64 14.2.0-19 [2359 kB]
#12 12.93 Get:38 http://deb.debian.org/debian trixie/main arm64 gcc-14-aarch64-linux-gnu arm64 14.2.0-19 [17.7 MB]
#12 13.99 Get:39 http://deb.debian.org/debian trixie/main arm64 gcc-14 arm64 14.2.0-19 [529 kB]
#12 14.01 Get:40 http://deb.debian.org/debian trixie/main arm64 gcc-aarch64-linux-gnu arm64 4:14.2.0-1 [1440 B]
#12 14.01 Get:41 http://deb.debian.org/debian trixie/main arm64 gcc arm64 4:14.2.0-1 [5136 B]
#12 14.01 Get:42 http://deb.debian.org/debian trixie/main arm64 libstdc++-14-dev arm64 14.2.0-19 [2295 kB]
#12 14.18 Get:43 http://deb.debian.org/debian trixie/main arm64 g++-14-aarch64-linux-gnu arm64 14.2.0-19 [10.1 MB]
#12 14.81 Get:44 http://deb.debian.org/debian trixie/main arm64 g++-14 arm64 14.2.0-19 [22.5 kB]
#12 14.82 Get:45 http://deb.debian.org/debian trixie/main arm64 g++-aarch64-linux-gnu arm64 4:14.2.0-1 [1200 B]
#12 14.82 Get:46 http://deb.debian.org/debian trixie/main arm64 g++ arm64 4:14.2.0-1 [1332 B]
#12 14.82 Get:47 http://deb.debian.org/debian trixie/main arm64 make arm64 4.4.1-2 [452 kB]
#12 14.83 Get:48 http://deb.debian.org/debian trixie/main arm64 libdpkg-perl all 1.22.21 [650 kB]
#12 14.90 Get:49 http://deb.debian.org/debian trixie/main arm64 patch arm64 2.8-2 [128 kB]
#12 14.96 Get:50 http://deb.debian.org/debian trixie/main arm64 dpkg-dev all 1.22.21 [1338 kB]
#12 15.10 Get:51 http://deb.debian.org/debian trixie/main arm64 build-essential arm64 12.12 [4624 B]
#12 15.10 Get:52 http://deb.debian.org/debian trixie/main arm64 libbrotli1 arm64 1.1.0-2+b7 [308 kB]
#12 15.12 Get:53 http://deb.debian.org/debian trixie/main arm64 libkrb5support0 arm64 1.21.3-5 [32.4 kB]
#12 15.12 Get:54 http://deb.debian.org/debian trixie/main arm64 libcom-err2 arm64 1.47.2-3+b3 [24.9 kB]
#12 15.12 Get:55 http://deb.debian.org/debian trixie/main arm64 libk5crypto3 arm64 1.21.3-5 [81.2 kB]
#12 15.12 Get:56 http://deb.debian.org/debian trixie/main arm64 libkeyutils1 arm64 1.6.3-6 [9716 B]
#12 15.13 Get:57 http://deb.debian.org/debian trixie/main arm64 libkrb5-3 arm64 1.21.3-5 [308 kB]
#12 15.15 Get:58 http://deb.debian.org/debian trixie/main arm64 libgssapi-krb5-2 arm64 1.21.3-5 [127 kB]
#12 15.15 Get:59 http://deb.debian.org/debian trixie/main arm64 libunistring5 arm64 1.3-2 [453 kB]
#12 15.21 Get:60 http://deb.debian.org/debian trixie/main arm64 libidn2-0 arm64 2.3.8-2 [107 kB]
#12 15.27 Get:61 http://deb.debian.org/debian trixie/main arm64 libsasl2-modules-db arm64 2.1.28+dfsg1-9 [20.1 kB]
#12 15.27 Get:62 http://deb.debian.org/debian trixie/main arm64 libsasl2-2 arm64 2.1.28+dfsg1-9 [55.6 kB]
#12 15.32 Get:63 http://deb.debian.org/debian trixie/main arm64 libldap2 arm64 2.6.10+dfsg-1 [179 kB]
#12 15.36 Get:64 http://deb.debian.org/debian trixie/main arm64 libnghttp2-14 arm64 1.64.0-1.1 [71.4 kB]
#12 15.37 Get:65 http://deb.debian.org/debian trixie/main arm64 libnghttp3-9 arm64 1.8.0-1 [63.2 kB]
#12 15.38 Get:66 http://deb.debian.org/debian trixie/main arm64 libpsl5t64 arm64 0.21.2-1.1+b1 [57.1 kB]
#12 15.43 Get:67 http://deb.debian.org/debian trixie/main arm64 libp11-kit0 arm64 0.25.5-3 [409 kB]
#12 15.49 Get:68 http://deb.debian.org/debian trixie/main arm64 libtasn1-6 arm64 4.20.0-2 [47.3 kB]
#12 15.52 Get:69 http://deb.debian.org/debian trixie/main arm64 libgnutls30t64 arm64 3.8.9-3 [1375 kB]
#12 15.66 Get:70 http://deb.debian.org/debian trixie/main arm64 librtmp1 arm64 2.4+20151223.gitfa8646d.1-2+b5 [56.8 kB]
#12 15.66 Get:71 http://deb.debian.org/debian trixie/main arm64 libssh2-1t64 arm64 1.11.1-1 [235 kB]
#12 15.67 Get:72 http://deb.debian.org/debian trixie/main arm64 libcurl4t64 arm64 8.14.1-2+deb13u2 [359 kB]
#12 15.69 Get:73 http://deb.debian.org/debian trixie/main arm64 curl arm64 8.14.1-2+deb13u2 [262 kB]
#12 15.94 debconf: unable to initialize frontend: Dialog
#12 15.94 debconf: (TERM is not set, so the dialog frontend is not usable.)
#12 15.94 debconf: falling back to frontend: Readline
#12 15.94 debconf: unable to initialize frontend: Readline
#12 15.94 debconf: (Can't locate Term/ReadLine.pm in @INC (you may need to install the Term::ReadLine module) (@INC entries checked: /etc/perl /usr/local/lib/aarch64-linux-gnu/perl/5.40.1 /usr/local/share/perl/5.40.1 /usr/lib/aarch64-linux-gnu/perl5/5.40 /usr/share/perl5 /usr/lib/aarch64-linux-gnu/perl-base /usr/lib/aarch64-linux-gnu/perl/5.40 /usr/share/perl/5.40 /usr/local/lib/site_perl) at /usr/share/perl5/Debconf/FrontEnd/Readline.pm line 8, <STDIN> line 73.)
#12 15.94 debconf: falling back to frontend: Teletype
#12 15.94 debconf: unable to initialize frontend: Teletype
#12 15.94 debconf: (This frontend requires a controlling tty.)
#12 15.94 debconf: falling back to frontend: Noninteractive
#12 17.89 Fetched 77.5 MB in 8s (9699 kB/s)
#12 17.92 Selecting previously unselected package bzip2.
#12 17.92 (Reading database ... (Reading database ... 5%(Reading database ... 10%(Reading database ... 15%(Reading database ... 20%(Reading database ... 25%(Reading database ... 30%(Reading database ... 35%(Reading database ... 40%(Reading database ... 45%(Reading database ... 50%(Reading database ... 55%(Reading database ... 60%(Reading database ... 65%(Reading database ... 70%(Reading database ... 75%(Reading database ... 80%(Reading database ... 85%(Reading database ... 90%(Reading database ... 95%(Reading database ... 100%(Reading database ... 5642 files and directories currently installed.)
#12 17.93 Preparing to unpack .../00-bzip2_1.0.8-6_arm64.deb ...
#12 17.93 Unpacking bzip2 (1.0.8-6) ...
#12 17.96 Selecting previously unselected package perl-modules-5.40.
#12 17.96 Preparing to unpack .../01-perl-modules-5.40_5.40.1-6_all.deb ...
#12 17.96 Unpacking perl-modules-5.40 (5.40.1-6) ...
#12 18.75 Selecting previously unselected package libgdbm-compat4t64:arm64.
#12 18.75 Preparing to unpack .../02-libgdbm-compat4t64_1.24-2_arm64.deb ...
#12 18.76 Unpacking libgdbm-compat4t64:arm64 (1.24-2) ...
#12 18.83 Selecting previously unselected package libperl5.40:arm64.
#12 18.83 Preparing to unpack .../03-libperl5.40_5.40.1-6_arm64.deb ...
#12 18.83 Unpacking libperl5.40:arm64 (5.40.1-6) ...
#12 19.37 Selecting previously unselected package perl.
#12 19.37 Preparing to unpack .../04-perl_5.40.1-6_arm64.deb ...
#12 19.37 Unpacking perl (5.40.1-6) ...
#12 19.40 Selecting previously unselected package xz-utils.
#12 19.40 Preparing to unpack .../05-xz-utils_5.8.1-1_arm64.deb ...
#12 19.40 Unpacking xz-utils (5.8.1-1) ...
#12 19.44 Selecting previously unselected package libsframe1:arm64.
#12 19.44 Preparing to unpack .../06-libsframe1_2.44-3_arm64.deb ...
#12 19.45 Unpacking libsframe1:arm64 (2.44-3) ...
#12 19.46 Selecting previously unselected package binutils-common:arm64.
#12 19.46 Preparing to unpack .../07-binutils-common_2.44-3_arm64.deb ...
#12 19.47 Unpacking binutils-common:arm64 (2.44-3) ...
#12 ...

#13 [linux/amd64 4/6] RUN apt-get update     && apt-get install -y --no-install-recommends gcc build-essential curl ca-certificates     && pip install --no-cache-dir -r requirements.txt     && apt-get remove -y gcc build-essential     && apt-get autoremove -y     && rm -rf /var/lib/apt/lists/*
#13 9.459 Get:18 http://deb.debian.org/debian trixie/main amd64 libcrypt-dev amd64 1:4.4.38-1 [119 kB]
#13 9.462 Get:19 http://deb.debian.org/debian trixie/main amd64 rpcsvc-proto amd64 1.4.3-1 [63.3 kB]
#13 9.465 Get:20 http://deb.debian.org/debian trixie/main amd64 libc6-dev amd64 2.41-12 [1991 kB]
#13 9.773 Get:21 http://deb.debian.org/debian trixie/main amd64 libisl23 amd64 0.27-1 [659 kB]
#13 9.808 Get:22 http://deb.debian.org/debian trixie/main amd64 libmpfr6 amd64 4.2.2-1 [729 kB]
#13 9.889 Get:23 http://deb.debian.org/debian trixie/main amd64 libmpc3 amd64 1.3.1-1+b3 [52.2 kB]
#13 9.900 Get:24 http://deb.debian.org/debian trixie/main amd64 cpp-14-x86-64-linux-gnu amd64 14.2.0-19 [11.0 MB]
#13 10.72 Get:25 http://deb.debian.org/debian trixie/main amd64 cpp-14 amd64 14.2.0-19 [1280 B]
#13 10.72 Get:26 http://deb.debian.org/debian trixie/main amd64 cpp-x86-64-linux-gnu amd64 4:14.2.0-1 [4840 B]
#13 10.72 Get:27 http://deb.debian.org/debian trixie/main amd64 cpp amd64 4:14.2.0-1 [1568 B]
#13 10.72 Get:28 http://deb.debian.org/debian trixie/main amd64 libcc1-0 amd64 14.2.0-19 [42.8 kB]
#13 10.72 Get:29 http://deb.debian.org/debian trixie/main amd64 libgomp1 amd64 14.2.0-19 [137 kB]
#13 10.72 Get:30 http://deb.debian.org/debian trixie/main amd64 libitm1 amd64 14.2.0-19 [26.0 kB]
#13 10.72 Get:31 http://deb.debian.org/debian trixie/main amd64 libatomic1 amd64 14.2.0-19 [9308 B]
#13 10.72 Get:32 http://deb.debian.org/debian trixie/main amd64 libasan8 amd64 14.2.0-19 [2725 kB]
#13 10.88 Get:33 http://deb.debian.org/debian trixie/main amd64 liblsan0 amd64 14.2.0-19 [1204 kB]
#13 10.91 Get:34 http://deb.debian.org/debian trixie/main amd64 libtsan2 amd64 14.2.0-19 [2460 kB]
#13 10.95 Get:35 http://deb.debian.org/debian trixie/main amd64 libubsan1 amd64 14.2.0-19 [1074 kB]
#13 10.97 Get:36 http://deb.debian.org/debian trixie/main amd64 libhwasan0 amd64 14.2.0-19 [1488 kB]
#13 11.08 Get:37 http://deb.debian.org/debian trixie/main amd64 libquadmath0 amd64 14.2.0-19 [145 kB]
#13 11.10 Get:38 http://deb.debian.org/debian trixie/main amd64 libgcc-14-dev amd64 14.2.0-19 [2672 kB]
#13 11.37 Get:39 http://deb.debian.org/debian trixie/main amd64 gcc-14-x86-64-linux-gnu amd64 14.2.0-19 [21.4 MB]
#13 12.81 Get:40 http://deb.debian.org/debian trixie/main amd64 gcc-14 amd64 14.2.0-19 [540 kB]
#13 12.83 Get:41 http://deb.debian.org/debian trixie/main amd64 gcc-x86-64-linux-gnu amd64 4:14.2.0-1 [1436 B]
#13 12.83 Get:42 http://deb.debian.org/debian trixie/main amd64 gcc amd64 4:14.2.0-1 [5136 B]
#13 12.83 Get:43 http://deb.debian.org/debian trixie/main amd64 libstdc++-14-dev amd64 14.2.0-19 [2376 kB]
#13 12.97 Get:44 http://deb.debian.org/debian trixie/main amd64 g++-14-x86-64-linux-gnu amd64 14.2.0-19 [12.1 MB]
#13 13.73 Get:45 http://deb.debian.org/debian trixie/main amd64 g++-14 amd64 14.2.0-19 [22.5 kB]
#13 13.73 Get:46 http://deb.debian.org/debian trixie/main amd64 g++-x86-64-linux-gnu amd64 4:14.2.0-1 [1200 B]
#13 13.73 Get:47 http://deb.debian.org/debian trixie/main amd64 g++ amd64 4:14.2.0-1 [1344 B]
#13 13.73 Get:48 http://deb.debian.org/debian trixie/main amd64 make amd64 4.4.1-2 [463 kB]
#13 13.76 Get:49 http://deb.debian.org/debian trixie/main amd64 libdpkg-perl all 1.22.21 [650 kB]
#13 13.80 Get:50 http://deb.debian.org/debian trixie/main amd64 patch amd64 2.8-2 [134 kB]
#13 13.81 Get:51 http://deb.debian.org/debian trixie/main amd64 dpkg-dev all 1.22.21 [1338 kB]
#13 13.91 Get:52 http://deb.debian.org/debian trixie/main amd64 build-essential amd64 12.12 [4624 B]
#13 13.91 Get:53 http://deb.debian.org/debian trixie/main amd64 libbrotli1 amd64 1.1.0-2+b7 [307 kB]
#13 13.94 Get:54 http://deb.debian.org/debian trixie/main amd64 libkrb5support0 amd64 1.21.3-5 [33.0 kB]
#13 13.94 Get:55 http://deb.debian.org/debian trixie/main amd64 libcom-err2 amd64 1.47.2-3+b3 [25.0 kB]
#13 13.94 Get:56 http://deb.debian.org/debian trixie/main amd64 libk5crypto3 amd64 1.21.3-5 [81.5 kB]
#13 13.94 Get:57 http://deb.debian.org/debian trixie/main amd64 libkeyutils1 amd64 1.6.3-6 [9456 B]
#13 13.94 Get:58 http://deb.debian.org/debian trixie/main amd64 libkrb5-3 amd64 1.21.3-5 [326 kB]
#13 13.97 Get:59 http://deb.debian.org/debian trixie/main amd64 libgssapi-krb5-2 amd64 1.21.3-5 [138 kB]
#13 13.98 Get:60 http://deb.debian.org/debian trixie/main amd64 libunistring5 amd64 1.3-2 [477 kB]
#13 14.03 Get:61 http://deb.debian.org/debian trixie/main amd64 libidn2-0 amd64 2.3.8-2 [109 kB]
#13 14.04 Get:62 http://deb.debian.org/debian trixie/main amd64 libsasl2-modules-db amd64 2.1.28+dfsg1-9 [19.8 kB]
#13 14.04 Get:63 http://deb.debian.org/debian trixie/main amd64 libsasl2-2 amd64 2.1.28+dfsg1-9 [57.5 kB]
#13 14.04 Get:64 http://deb.debian.org/debian trixie/main amd64 libldap2 amd64 2.6.10+dfsg-1 [194 kB]
#13 14.07 Get:65 http://deb.debian.org/debian trixie/main amd64 libnghttp2-14 amd64 1.64.0-1.1 [76.0 kB]
#13 14.07 Get:66 http://deb.debian.org/debian trixie/main amd64 libnghttp3-9 amd64 1.8.0-1 [67.7 kB]
#13 14.07 Get:67 http://deb.debian.org/debian trixie/main amd64 libpsl5t64 amd64 0.21.2-1.1+b1 [57.2 kB]
#13 14.07 Get:68 http://deb.debian.org/debian trixie/main amd64 libp11-kit0 amd64 0.25.5-3 [425 kB]
#13 14.12 Get:69 http://deb.debian.org/debian trixie/main amd64 libtasn1-6 amd64 4.20.0-2 [49.9 kB]
#13 14.15 Get:70 http://deb.debian.org/debian trixie/main amd64 libgnutls30t64 amd64 3.8.9-3 [1465 kB]
#13 14.31 Get:71 http://deb.debian.org/debian trixie/main amd64 librtmp1 amd64 2.4+20151223.gitfa8646d.1-2+b5 [58.8 kB]
#13 14.31 Get:72 http://deb.debian.org/debian trixie/main amd64 libssh2-1t64 amd64 1.11.1-1 [245 kB]
#13 14.33 Get:73 http://deb.debian.org/debian trixie/main amd64 libcurl4t64 amd64 8.14.1-2+deb13u2 [391 kB]
#13 14.36 Get:74 http://deb.debian.org/debian trixie/main amd64 curl amd64 8.14.1-2+deb13u2 [270 kB]
#13 15.12 debconf: unable to initialize frontend: Dialog
#13 15.12 debconf: (TERM is not set, so the dialog frontend is not usable.)
#13 15.12 debconf: falling back to frontend: Readline
#13 15.12 debconf: unable to initialize frontend: Readline
#13 15.12 debconf: (Can't locate Term/ReadLine.pm in @INC (you may need to install the Term::ReadLine module) (@INC entries checked: /etc/perl /usr/local/lib/x86_64-linux-gnu/perl/5.40.1 /usr/local/share/perl/5.40.1 /usr/lib/x86_64-linux-gnu/perl5/5.40 /usr/share/perl5 /usr/lib/x86_64-linux-gnu/perl-base /usr/lib/x86_64-linux-gnu/perl/5.40 /usr/share/perl/5.40 /usr/local/lib/site_perl) at /usr/share/perl5/Debconf/FrontEnd/Readline.pm line 8, <STDIN> line 74.)
#13 15.12 debconf: falling back to frontend: Teletype
#13 15.18 debconf: unable to initialize frontend: Teletype
#13 15.18 debconf: (This frontend requires a controlling tty.)
#13 15.18 debconf: falling back to frontend: Noninteractive
#13 17.74 Fetched 87.2 MB in 7s (12.6 MB/s)
#13 17.86 Selecting previously unselected package bzip2.
#13 17.86 (Reading database ... (Reading database ... 5%(Reading database ... 10%(Reading database ... 15%(Reading database ... 20%(Reading database ... 25%(Reading database ... 30%(Reading database ... 35%(Reading database ... 40%(Reading database ... 45%(Reading database ... 50%(Reading database ... 55%(Reading database ... 60%(Reading database ... 65%(Reading database ... 70%(Reading database ... 75%(Reading database ... 80%(Reading database ... 85%(Reading database ... 90%(Reading database ... 95%(Reading database ... 100%(Reading database ... 5644 files and directories currently installed.)
#13 17.87 Preparing to unpack .../00-bzip2_1.0.8-6_amd64.deb ...
#13 17.87 Unpacking bzip2 (1.0.8-6) ...
#13 18.01 Selecting previously unselected package perl-modules-5.40.
#13 18.01 Preparing to unpack .../01-perl-modules-5.40_5.40.1-6_all.deb ...
#13 18.02 Unpacking perl-modules-5.40 (5.40.1-6) ...
#13 19.32 Selecting previously unselected package libgdbm-compat4t64:amd64.
#13 19.32 Preparing to unpack .../02-libgdbm-compat4t64_1.24-2_amd64.deb ...
#13 19.33 Unpacking libgdbm-compat4t64:amd64 (1.24-2) ...
#13 19.44 Selecting previously unselected package libperl5.40:amd64.
#13 19.44 Preparing to unpack .../03-libperl5.40_5.40.1-6_amd64.deb ...
#13 19.44 Unpacking libperl5.40:amd64 (5.40.1-6) ...
#13 ...

#12 [linux/arm64 4/6] RUN apt-get update     && apt-get install -y --no-install-recommends gcc build-essential curl ca-certificates     && pip install --no-cache-dir -r requirements.txt     && apt-get remove -y gcc build-essential     && apt-get autoremove -y     && rm -rf /var/lib/apt/lists/*
#12 19.63 Selecting previously unselected package libbinutils:arm64.
#12 19.63 Preparing to unpack .../08-libbinutils_2.44-3_arm64.deb ...
#12 19.63 Unpacking libbinutils:arm64 (2.44-3) ...
#12 19.68 Selecting previously unselected package libgprofng0:arm64.
#12 19.68 Preparing to unpack .../09-libgprofng0_2.44-3_arm64.deb ...
#12 19.69 Unpacking libgprofng0:arm64 (2.44-3) ...
#12 19.74 Selecting previously unselected package libctf-nobfd0:arm64.
#12 19.74 Preparing to unpack .../10-libctf-nobfd0_2.44-3_arm64.deb ...
#12 19.74 Unpacking libctf-nobfd0:arm64 (2.44-3) ...
#12 19.76 Selecting previously unselected package libctf0:arm64.
#12 19.76 Preparing to unpack .../11-libctf0_2.44-3_arm64.deb ...
#12 19.76 Unpacking libctf0:arm64 (2.44-3) ...
#12 19.78 Selecting previously unselected package libjansson4:arm64.
#12 19.78 Preparing to unpack .../12-libjansson4_2.14-2+b3_arm64.deb ...
#12 19.78 Unpacking libjansson4:arm64 (2.14-2+b3) ...
#12 19.79 Selecting previously unselected package binutils-aarch64-linux-gnu.
#12 19.79 Preparing to unpack .../13-binutils-aarch64-linux-gnu_2.44-3_arm64.deb ...
#12 19.80 Unpacking binutils-aarch64-linux-gnu (2.44-3) ...
#12 19.90 Selecting previously unselected package binutils.
#12 19.90 Preparing to unpack .../14-binutils_2.44-3_arm64.deb ...
#12 19.90 Unpacking binutils (2.44-3) ...
#12 19.93 Selecting previously unselected package libc-dev-bin.
#12 19.93 Preparing to unpack .../15-libc-dev-bin_2.41-12_arm64.deb ...
#12 19.93 Unpacking libc-dev-bin (2.41-12) ...
#12 19.95 Selecting previously unselected package linux-libc-dev.
#12 19.95 Preparing to unpack .../16-linux-libc-dev_6.12.57-1_all.deb ...
#12 19.95 Unpacking linux-libc-dev (6.12.57-1) ...
#12 20.13 Selecting previously unselected package libcrypt-dev:arm64.
#12 20.13 Preparing to unpack .../17-libcrypt-dev_1%3a4.4.38-1_arm64.deb ...
#12 20.14 Unpacking libcrypt-dev:arm64 (1:4.4.38-1) ...
#12 20.15 Selecting previously unselected package rpcsvc-proto.
#12 20.16 Preparing to unpack .../18-rpcsvc-proto_1.4.3-1+b1_arm64.deb ...
#12 20.16 Unpacking rpcsvc-proto (1.4.3-1+b1) ...
#12 20.17 Selecting previously unselected package libc6-dev:arm64.
#12 20.17 Preparing to unpack .../19-libc6-dev_2.41-12_arm64.deb ...
#12 20.17 Unpacking libc6-dev:arm64 (2.41-12) ...
#12 20.34 Selecting previously unselected package libisl23:arm64.
#12 20.34 Preparing to unpack .../20-libisl23_0.27-1_arm64.deb ...
#12 20.34 Unpacking libisl23:arm64 (0.27-1) ...
#12 20.39 Selecting previously unselected package libmpfr6:arm64.
#12 20.39 Preparing to unpack .../21-libmpfr6_4.2.2-1_arm64.deb ...
#12 20.39 Unpacking libmpfr6:arm64 (4.2.2-1) ...
#12 20.42 Selecting previously unselected package libmpc3:arm64.
#12 20.42 Preparing to unpack .../22-libmpc3_1.3.1-1+b3_arm64.deb ...
#12 20.42 Unpacking libmpc3:arm64 (1.3.1-1+b3) ...
#12 20.43 Selecting previously unselected package cpp-14-aarch64-linux-gnu.
#12 20.44 Preparing to unpack .../23-cpp-14-aarch64-linux-gnu_14.2.0-19_arm64.deb ...
#12 20.44 Unpacking cpp-14-aarch64-linux-gnu (14.2.0-19) ...
#12 20.89 Selecting previously unselected package cpp-14.
#12 20.89 Preparing to unpack .../24-cpp-14_14.2.0-19_arm64.deb ...
#12 20.89 Unpacking cpp-14 (14.2.0-19) ...
#12 20.91 Selecting previously unselected package cpp-aarch64-linux-gnu.
#12 20.91 Preparing to unpack .../25-cpp-aarch64-linux-gnu_4%3a14.2.0-1_arm64.deb ...
#12 20.91 Unpacking cpp-aarch64-linux-gnu (4:14.2.0-1) ...
#12 20.92 Selecting previously unselected package cpp.
#12 20.93 Preparing to unpack .../26-cpp_4%3a14.2.0-1_arm64.deb ...
#12 20.93 Unpacking cpp (4:14.2.0-1) ...
#12 20.94 Selecting previously unselected package libcc1-0:arm64.
#12 20.94 Preparing to unpack .../27-libcc1-0_14.2.0-19_arm64.deb ...
#12 20.95 Unpacking libcc1-0:arm64 (14.2.0-19) ...
#12 20.96 Selecting previously unselected package libgomp1:arm64.
#12 20.96 Preparing to unpack .../28-libgomp1_14.2.0-19_arm64.deb ...
#12 20.96 Unpacking libgomp1:arm64 (14.2.0-19) ...
#12 20.98 Selecting previously unselected package libitm1:arm64.
#12 20.98 Preparing to unpack .../29-libitm1_14.2.0-19_arm64.deb ...
#12 20.98 Unpacking libitm1:arm64 (14.2.0-19) ...
#12 21.00 Selecting previously unselected package libatomic1:arm64.
#12 21.00 Preparing to unpack .../30-libatomic1_14.2.0-19_arm64.deb ...
#12 21.00 Unpacking libatomic1:arm64 (14.2.0-19) ...
#12 21.02 Selecting previously unselected package libasan8:arm64.
#12 21.02 Preparing to unpack .../31-libasan8_14.2.0-19_arm64.deb ...
#12 21.02 Unpacking libasan8:arm64 (14.2.0-19) ...
#12 21.19 Selecting previously unselected package liblsan0:arm64.
#12 21.19 Preparing to unpack .../32-liblsan0_14.2.0-19_arm64.deb ...
#12 21.19 Unpacking liblsan0:arm64 (14.2.0-19) ...
#12 21.27 Selecting previously unselected package libtsan2:arm64.
#12 21.27 Preparing to unpack .../33-libtsan2_14.2.0-19_arm64.deb ...
#12 21.28 Unpacking libtsan2:arm64 (14.2.0-19) ...
#12 21.42 Selecting previously unselected package libubsan1:arm64.
#12 21.42 Preparing to unpack .../34-libubsan1_14.2.0-19_arm64.deb ...
#12 21.43 Unpacking libubsan1:arm64 (14.2.0-19) ...
#12 21.50 Selecting previously unselected package libhwasan0:arm64.
#12 21.50 Preparing to unpack .../35-libhwasan0_14.2.0-19_arm64.deb ...
#12 21.50 Unpacking libhwasan0:arm64 (14.2.0-19) ...
#12 21.61 Selecting previously unselected package libgcc-14-dev:arm64.
#12 21.61 Preparing to unpack .../36-libgcc-14-dev_14.2.0-19_arm64.deb ...
#12 21.61 Unpacking libgcc-14-dev:arm64 (14.2.0-19) ...
#12 21.82 Selecting previously unselected package gcc-14-aarch64-linux-gnu.
#12 21.82 Preparing to unpack .../37-gcc-14-aarch64-linux-gnu_14.2.0-19_arm64.deb ...
#12 21.83 Unpacking gcc-14-aarch64-linux-gnu (14.2.0-19) ...
#12 22.45 Selecting previously unselected package gcc-14.
#12 22.45 Preparing to unpack .../38-gcc-14_14.2.0-19_arm64.deb ...
#12 22.45 Unpacking gcc-14 (14.2.0-19) ...
#12 22.48 Selecting previously unselected package gcc-aarch64-linux-gnu.
#12 22.48 Preparing to unpack .../39-gcc-aarch64-linux-gnu_4%3a14.2.0-1_arm64.deb ...
#12 22.49 Unpacking gcc-aarch64-linux-gnu (4:14.2.0-1) ...
#12 22.50 Selecting previously unselected package gcc.
#12 22.50 Preparing to unpack .../40-gcc_4%3a14.2.0-1_arm64.deb ...
#12 22.50 Unpacking gcc (4:14.2.0-1) ...
#12 22.52 Selecting previously unselected package libstdc++-14-dev:arm64.
#12 22.52 Preparing to unpack .../41-libstdc++-14-dev_14.2.0-19_arm64.deb ...
#12 22.53 Unpacking libstdc++-14-dev:arm64 (14.2.0-19) ...
#12 23.06 Selecting previously unselected package g++-14-aarch64-linux-gnu.
#12 23.06 Preparing to unpack .../42-g++-14-aarch64-linux-gnu_14.2.0-19_arm64.deb ...
#12 23.06 Unpacking g++-14-aarch64-linux-gnu (14.2.0-19) ...
#12 23.96 Selecting previously unselected package g++-14.
#12 23.96 Preparing to unpack .../43-g++-14_14.2.0-19_arm64.deb ...
#12 23.97 Unpacking g++-14 (14.2.0-19) ...
#12 23.98 Selecting previously unselected package g++-aarch64-linux-gnu.
#12 23.99 Preparing to unpack .../44-g++-aarch64-linux-gnu_4%3a14.2.0-1_arm64.deb ...
#12 23.99 Unpacking g++-aarch64-linux-gnu (4:14.2.0-1) ...
#12 24.01 Selecting previously unselected package g++.
#12 24.01 Preparing to unpack .../45-g++_4%3a14.2.0-1_arm64.deb ...
#12 24.01 Unpacking g++ (4:14.2.0-1) ...
#12 24.03 Selecting previously unselected package make.
#12 24.03 Preparing to unpack .../46-make_4.4.1-2_arm64.deb ...
#12 24.04 Unpacking make (4.4.1-2) ...
#12 24.08 Selecting previously unselected package libdpkg-perl.
#12 24.08 Preparing to unpack .../47-libdpkg-perl_1.22.21_all.deb ...
#12 24.08 Unpacking libdpkg-perl (1.22.21) ...
#12 24.12 Selecting previously unselected package patch.
#12 24.13 Preparing to unpack .../48-patch_2.8-2_arm64.deb ...
#12 24.13 Unpacking patch (2.8-2) ...
#12 24.15 Selecting previously unselected package dpkg-dev.
#12 24.15 Preparing to unpack .../49-dpkg-dev_1.22.21_all.deb ...
#12 24.15 Unpacking dpkg-dev (1.22.21) ...
#12 24.23 Selecting previously unselected package build-essential.
#12 24.23 Preparing to unpack .../50-build-essential_12.12_arm64.deb ...
#12 24.23 Unpacking build-essential (12.12) ...
#12 24.25 Selecting previously unselected package libbrotli1:arm64.
#12 24.25 Preparing to unpack .../51-libbrotli1_1.1.0-2+b7_arm64.deb ...
#12 24.25 Unpacking libbrotli1:arm64 (1.1.0-2+b7) ...
#12 24.28 Selecting previously unselected package libkrb5support0:arm64.
#12 24.28 Preparing to unpack .../52-libkrb5support0_1.21.3-5_arm64.deb ...
#12 24.28 Unpacking libkrb5support0:arm64 (1.21.3-5) ...
#12 24.30 Selecting previously unselected package libcom-err2:arm64.
#12 24.30 Preparing to unpack .../53-libcom-err2_1.47.2-3+b3_arm64.deb ...
#12 24.30 Unpacking libcom-err2:arm64 (1.47.2-3+b3) ...
#12 24.32 Selecting previously unselected package libk5crypto3:arm64.
#12 24.32 Preparing to unpack .../54-libk5crypto3_1.21.3-5_arm64.deb ...
#12 24.33 Unpacking libk5crypto3:arm64 (1.21.3-5) ...
#12 24.35 Selecting previously unselected package libkeyutils1:arm64.
#12 24.35 Preparing to unpack .../55-libkeyutils1_1.6.3-6_arm64.deb ...
#12 24.35 Unpacking libkeyutils1:arm64 (1.6.3-6) ...
#12 24.37 Selecting previously unselected package libkrb5-3:arm64.
#12 24.37 Preparing to unpack .../56-libkrb5-3_1.21.3-5_arm64.deb ...
#12 24.37 Unpacking libkrb5-3:arm64 (1.21.3-5) ...
#12 24.40 Selecting previously unselected package libgssapi-krb5-2:arm64.
#12 24.40 Preparing to unpack .../57-libgssapi-krb5-2_1.21.3-5_arm64.deb ...
#12 24.40 Unpacking libgssapi-krb5-2:arm64 (1.21.3-5) ...
#12 24.42 Selecting previously unselected package libunistring5:arm64.
#12 24.43 Preparing to unpack .../58-libunistring5_1.3-2_arm64.deb ...
#12 24.43 Unpacking libunistring5:arm64 (1.3-2) ...
#12 24.47 Selecting previously unselected package libidn2-0:arm64.
#12 24.47 Preparing to unpack .../59-libidn2-0_2.3.8-2_arm64.deb ...
#12 24.48 Unpacking libidn2-0:arm64 (2.3.8-2) ...
#12 24.49 Selecting previously unselected package libsasl2-modules-db:arm64.
#12 24.49 Preparing to unpack .../60-libsasl2-modules-db_2.1.28+dfsg1-9_arm64.deb ...
#12 24.50 Unpacking libsasl2-modules-db:arm64 (2.1.28+dfsg1-9) ...
#12 24.52 Selecting previously unselected package libsasl2-2:arm64.
#12 24.52 Preparing to unpack .../61-libsasl2-2_2.1.28+dfsg1-9_arm64.deb ...
#12 24.52 Unpacking libsasl2-2:arm64 (2.1.28+dfsg1-9) ...
#12 24.53 Selecting previously unselected package libldap2:arm64.
#12 24.54 Preparing to unpack .../62-libldap2_2.6.10+dfsg-1_arm64.deb ...
#12 24.54 Unpacking libldap2:arm64 (2.6.10+dfsg-1) ...
#12 24.56 Selecting previously unselected package libnghttp2-14:arm64.
#12 24.56 Preparing to unpack .../63-libnghttp2-14_1.64.0-1.1_arm64.deb ...
#12 24.56 Unpacking libnghttp2-14:arm64 (1.64.0-1.1) ...
#12 24.58 Selecting previously unselected package libnghttp3-9:arm64.
#12 24.58 Preparing to unpack .../64-libnghttp3-9_1.8.0-1_arm64.deb ...
#12 24.58 Unpacking libnghttp3-9:arm64 (1.8.0-1) ...
#12 24.60 Selecting previously unselected package libpsl5t64:arm64.
#12 24.60 Preparing to unpack .../65-libpsl5t64_0.21.2-1.1+b1_arm64.deb ...
#12 24.61 Unpacking libpsl5t64:arm64 (0.21.2-1.1+b1) ...
#12 24.64 Selecting previously unselected package libp11-kit0:arm64.
#12 24.64 Preparing to unpack .../66-libp11-kit0_0.25.5-3_arm64.deb ...
#12 24.65 Unpacking libp11-kit0:arm64 (0.25.5-3) ...
#12 24.71 Selecting previously unselected package libtasn1-6:arm64.
#12 24.71 Preparing to unpack .../67-libtasn1-6_4.20.0-2_arm64.deb ...
#12 24.71 Unpacking libtasn1-6:arm64 (4.20.0-2) ...
#12 24.74 Selecting previously unselected package libgnutls30t64:arm64.
#12 24.75 Preparing to unpack .../68-libgnutls30t64_3.8.9-3_arm64.deb ...
#12 24.75 Unpacking libgnutls30t64:arm64 (3.8.9-3) ...
#12 24.83 Selecting previously unselected package librtmp1:arm64.
#12 24.83 Preparing to unpack .../69-librtmp1_2.4+20151223.gitfa8646d.1-2+b5_arm64.deb ...
#12 24.83 Unpacking librtmp1:arm64 (2.4+20151223.gitfa8646d.1-2+b5) ...
#12 24.85 Selecting previously unselected package libssh2-1t64:arm64.
#12 24.85 Preparing to unpack .../70-libssh2-1t64_1.11.1-1_arm64.deb ...
#12 24.85 Unpacking libssh2-1t64:arm64 (1.11.1-1) ...
#12 24.88 Selecting previously unselected package libcurl4t64:arm64.
#12 24.88 Preparing to unpack .../71-libcurl4t64_8.14.1-2+deb13u2_arm64.deb ...
#12 24.88 Unpacking libcurl4t64:arm64 (8.14.1-2+deb13u2) ...
#12 24.91 Selecting previously unselected package curl.
#12 24.91 Preparing to unpack .../72-curl_8.14.1-2+deb13u2_arm64.deb ...
#12 24.91 Unpacking curl (8.14.1-2+deb13u2) ...
#12 24.96 Setting up libkeyutils1:arm64 (1.6.3-6) ...
#12 24.96 Setting up libgdbm-compat4t64:arm64 (1.24-2) ...
#12 24.97 Setting up libbrotli1:arm64 (1.1.0-2+b7) ...
#12 24.97 Setting up binutils-common:arm64 (2.44-3) ...
#12 24.98 Setting up libnghttp2-14:arm64 (1.64.0-1.1) ...
#12 24.98 Setting up linux-libc-dev (6.12.57-1) ...
#12 24.99 Setting up libctf-nobfd0:arm64 (2.44-3) ...
#12 24.99 Setting up libcom-err2:arm64 (1.47.2-3+b3) ...
#12 25.00 Setting up libgomp1:arm64 (14.2.0-19) ...
#12 25.00 Setting up bzip2 (1.0.8-6) ...
#12 25.01 Setting up libsframe1:arm64 (2.44-3) ...
#12 25.01 Setting up libjansson4:arm64 (2.14-2+b3) ...
#12 25.02 Setting up libkrb5support0:arm64 (1.21.3-5) ...
#12 25.02 Setting up libsasl2-modules-db:arm64 (2.1.28+dfsg1-9) ...
#12 25.03 Setting up rpcsvc-proto (1.4.3-1+b1) ...
#12 25.03 Setting up make (4.4.1-2) ...
#12 25.04 Setting up libmpfr6:arm64 (4.2.2-1) ...
#12 25.04 Setting up xz-utils (5.8.1-1) ...
#12 25.05 update-alternatives: using /usr/bin/xz to provide /usr/bin/lzma (lzma) in auto mode
#12 25.05 update-alternatives: warning: skip creation of /usr/share/man/man1/lzma.1.gz because associated file /usr/share/man/man1/xz.1.gz (of link group lzma) doesn't exist
#12 25.05 update-alternatives: warning: skip creation of /usr/share/man/man1/unlzma.1.gz because associated file /usr/share/man/man1/unxz.1.gz (of link group lzma) doesn't exist
#12 25.05 update-alternatives: warning: skip creation of /usr/share/man/man1/lzcat.1.gz because associated file /usr/share/man/man1/xzcat.1.gz (of link group lzma) doesn't exist
#12 25.05 update-alternatives: warning: skip creation of /usr/share/man/man1/lzmore.1.gz because associated file /usr/share/man/man1/xzmore.1.gz (of link group lzma) doesn't exist
#12 25.05 update-alternatives: warning: skip creation of /usr/share/man/man1/lzless.1.gz because associated file /usr/share/man/man1/xzless.1.gz (of link group lzma) doesn't exist
#12 25.05 update-alternatives: warning: skip creation of /usr/share/man/man1/lzdiff.1.gz because associated file /usr/share/man/man1/xzdiff.1.gz (of link group lzma) doesn't exist
#12 25.05 update-alternatives: warning: skip creation of /usr/share/man/man1/lzcmp.1.gz because associated file /usr/share/man/man1/xzcmp.1.gz (of link group lzma) doesn't exist
#12 25.05 update-alternatives: warning: skip creation of /usr/share/man/man1/lzgrep.1.gz because associated file /usr/share/man/man1/xzgrep.1.gz (of link group lzma) doesn't exist
#12 25.05 update-alternatives: warning: skip creation of /usr/share/man/man1/lzegrep.1.gz because associated file /usr/share/man/man1/xzegrep.1.gz (of link group lzma) doesn't exist
#12 25.05 update-alternatives: warning: skip creation of /usr/share/man/man1/lzfgrep.1.gz because associated file /usr/share/man/man1/xzfgrep.1.gz (of link group lzma) doesn't exist
#12 25.05 Setting up libp11-kit0:arm64 (0.25.5-3) ...
#12 25.06 Setting up libunistring5:arm64 (1.3-2) ...
#12 25.06 Setting up libmpc3:arm64 (1.3.1-1+b3) ...
#12 25.07 Setting up libatomic1:arm64 (14.2.0-19) ...
#12 25.07 Setting up patch (2.8-2) ...
#12 25.08 Setting up libk5crypto3:arm64 (1.21.3-5) ...
#12 25.08 Setting up libsasl2-2:arm64 (2.1.28+dfsg1-9) ...
#12 25.08 Setting up libnghttp3-9:arm64 (1.8.0-1) ...
#12 25.09 Setting up libubsan1:arm64 (14.2.0-19) ...
#12 25.09 Setting up perl-modules-5.40 (5.40.1-6) ...
#12 25.09 Setting up libhwasan0:arm64 (14.2.0-19) ...
#12 25.10 Setting up libcrypt-dev:arm64 (1:4.4.38-1) ...
#12 25.10 Setting up libasan8:arm64 (14.2.0-19) ...
#12 25.11 Setting up libtasn1-6:arm64 (4.20.0-2) ...
#12 25.11 Setting up libkrb5-3:arm64 (1.21.3-5) ...
#12 25.12 Setting up libssh2-1t64:arm64 (1.11.1-1) ...
#12 25.14 Setting up libtsan2:arm64 (14.2.0-19) ...
#12 25.14 Setting up libbinutils:arm64 (2.44-3) ...
#12 25.15 Setting up libisl23:arm64 (0.27-1) ...
#12 25.15 Setting up libc-dev-bin (2.41-12) ...
#12 25.15 Setting up libcc1-0:arm64 (14.2.0-19) ...
#12 25.16 Setting up libldap2:arm64 (2.6.10+dfsg-1) ...
#12 25.16 Setting up liblsan0:arm64 (14.2.0-19) ...
#12 25.17 Setting up libitm1:arm64 (14.2.0-19) ...
#12 25.17 Setting up libctf0:arm64 (2.44-3) ...
#12 25.18 Setting up binutils-aarch64-linux-gnu (2.44-3) ...
#12 25.18 Setting up libidn2-0:arm64 (2.3.8-2) ...
#12 25.18 Setting up libperl5.40:arm64 (5.40.1-6) ...
#12 25.19 Setting up perl (5.40.1-6) ...
#12 25.20 Setting up libgprofng0:arm64 (2.44-3) ...
#12 25.21 Setting up libgssapi-krb5-2:arm64 (1.21.3-5) ...
#12 25.25 Setting up libdpkg-perl (1.22.21) ...
#12 25.25 Setting up cpp-14-aarch64-linux-gnu (14.2.0-19) ...
#12 25.26 Setting up libc6-dev:arm64 (2.41-12) ...
#12 25.27 Setting up libgcc-14-dev:arm64 (14.2.0-19) ...
#12 25.27 Setting up libstdc++-14-dev:arm64 (14.2.0-19) ...
#12 25.28 Setting up libgnutls30t64:arm64 (3.8.9-3) ...
#12 25.28 Setting up libpsl5t64:arm64 (0.21.2-1.1+b1) ...
#12 25.28 Setting up binutils (2.44-3) ...
#12 25.29 Setting up dpkg-dev (1.22.21) ...
#12 25.30 Setting up cpp-aarch64-linux-gnu (4:14.2.0-1) ...
#12 25.30 Setting up librtmp1:arm64 (2.4+20151223.gitfa8646d.1-2+b5) ...
#12 25.31 Setting up cpp-14 (14.2.0-19) ...
#12 25.31 Setting up cpp (4:14.2.0-1) ...
#12 25.32 Setting up gcc-14-aarch64-linux-gnu (14.2.0-19) ...
#12 25.32 Setting up gcc-aarch64-linux-gnu (4:14.2.0-1) ...
#12 25.33 Setting up g++-14-aarch64-linux-gnu (14.2.0-19) ...
#12 25.33 Setting up libcurl4t64:arm64 (8.14.1-2+deb13u2) ...
#12 25.33 Setting up gcc-14 (14.2.0-19) ...
#12 25.34 Setting up g++-aarch64-linux-gnu (4:14.2.0-1) ...
#12 25.34 Setting up curl (8.14.1-2+deb13u2) ...
#12 25.34 Setting up g++-14 (14.2.0-19) ...
#12 25.35 Setting up gcc (4:14.2.0-1) ...
#12 25.35 Setting up g++ (4:14.2.0-1) ...
#12 25.36 update-alternatives: using /usr/bin/g++ to provide /usr/bin/c++ (c++) in auto mode
#12 25.36 Setting up build-essential (12.12) ...
#12 25.36 Processing triggers for libc-bin (2.41-12) ...
#12 26.88 Collecting Flask>=2.3 (from -r requirements.txt (line 2))
#12 27.48   Downloading flask-3.1.2-py3-none-any.whl.metadata (3.2 kB)
#12 27.65 Collecting python-dotenv (from -r requirements.txt (line 3))
#12 27.69   Downloading python_dotenv-1.2.1-py3-none-any.whl.metadata (25 kB)
#12 27.86 Collecting requests (from -r requirements.txt (line 4))
#12 27.91   Downloading requests-2.32.5-py3-none-any.whl.metadata (4.9 kB)
#12 28.43 Collecting cryptography>=42.0.0 (from -r requirements.txt (line 5))
#12 28.46   Downloading cryptography-46.0.3-cp311-abi3-manylinux_2_34_aarch64.whl.metadata (5.7 kB)
#12 28.60 Collecting gunicorn>=21.0.0 (from -r requirements.txt (line 6))
#12 28.64   Downloading gunicorn-23.0.0-py3-none-any.whl.metadata (4.4 kB)
#12 28.79 Collecting Flask-Limiter>=3.3.0 (from -r requirements.txt (line 7))
#12 28.85   Downloading flask_limiter-4.0.0-py3-none-any.whl.metadata (6.2 kB)
#12 29.06 Collecting meshtastic==2.7.4 (from -r requirements.txt (line 10))
#12 29.53   Downloading meshtastic-2.7.4-py3-none-any.whl.metadata (5.1 kB)
#12 29.62 Collecting paho-mqtt==2.1.0 (from -r requirements.txt (line 11))
#12 29.65   Downloading paho_mqtt-2.1.0-py3-none-any.whl.metadata (23 kB)
#12 ...

#13 [linux/amd64 4/6] RUN apt-get update     && apt-get install -y --no-install-recommends gcc build-essential curl ca-certificates     && pip install --no-cache-dir -r requirements.txt     && apt-get remove -y gcc build-essential     && apt-get autoremove -y     && rm -rf /var/lib/apt/lists/*
#13 19.78 Selecting previously unselected package perl.
#13 19.78 Preparing to unpack .../04-perl_5.40.1-6_amd64.deb ...
#13 19.78 Unpacking perl (5.40.1-6) ...
#13 19.89 Selecting previously unselected package xz-utils.
#13 19.89 Preparing to unpack .../05-xz-utils_5.8.1-1_amd64.deb ...
#13 19.89 Unpacking xz-utils (5.8.1-1) ...
#13 20.02 Selecting previously unselected package libsframe1:amd64.
#13 20.02 Preparing to unpack .../06-libsframe1_2.44-3_amd64.deb ...
#13 20.02 Unpacking libsframe1:amd64 (2.44-3) ...
#13 20.12 Selecting previously unselected package binutils-common:amd64.
#13 20.12 Preparing to unpack .../07-binutils-common_2.44-3_amd64.deb ...
#13 20.13 Unpacking binutils-common:amd64 (2.44-3) ...
#13 20.40 Selecting previously unselected package libbinutils:amd64.
#13 20.40 Preparing to unpack .../08-libbinutils_2.44-3_amd64.deb ...
#13 20.41 Unpacking libbinutils:amd64 (2.44-3) ...
#13 20.54 Selecting previously unselected package libgprofng0:amd64.
#13 20.54 Preparing to unpack .../09-libgprofng0_2.44-3_amd64.deb ...
#13 20.54 Unpacking libgprofng0:amd64 (2.44-3) ...
#13 20.70 Selecting previously unselected package libctf-nobfd0:amd64.
#13 20.70 Preparing to unpack .../10-libctf-nobfd0_2.44-3_amd64.deb ...
#13 20.70 Unpacking libctf-nobfd0:amd64 (2.44-3) ...
#13 20.81 Selecting previously unselected package libctf0:amd64.
#13 20.81 Preparing to unpack .../11-libctf0_2.44-3_amd64.deb ...
#13 20.82 Unpacking libctf0:amd64 (2.44-3) ...
#13 20.93 Selecting previously unselected package libjansson4:amd64.
#13 20.93 Preparing to unpack .../12-libjansson4_2.14-2+b3_amd64.deb ...
#13 20.94 Unpacking libjansson4:amd64 (2.14-2+b3) ...
#13 21.05 Selecting previously unselected package binutils-x86-64-linux-gnu.
#13 21.05 Preparing to unpack .../13-binutils-x86-64-linux-gnu_2.44-3_amd64.deb ...
#13 21.06 Unpacking binutils-x86-64-linux-gnu (2.44-3) ...
#13 21.24 Selecting previously unselected package binutils.
#13 21.24 Preparing to unpack .../14-binutils_2.44-3_amd64.deb ...
#13 21.26 Unpacking binutils (2.44-3) ...
#13 21.38 Selecting previously unselected package libc-dev-bin.
#13 21.38 Preparing to unpack .../15-libc-dev-bin_2.41-12_amd64.deb ...
#13 21.39 Unpacking libc-dev-bin (2.41-12) ...
#13 21.49 Selecting previously unselected package linux-libc-dev.
#13 21.50 Preparing to unpack .../16-linux-libc-dev_6.12.57-1_all.deb ...
#13 21.50 Unpacking linux-libc-dev (6.12.57-1) ...
#13 21.93 Selecting previously unselected package libcrypt-dev:amd64.
#13 21.93 Preparing to unpack .../17-libcrypt-dev_1%3a4.4.38-1_amd64.deb ...
#13 22.05 Unpacking libcrypt-dev:amd64 (1:4.4.38-1) ...
#13 22.20 Selecting previously unselected package rpcsvc-proto.
#13 22.20 Preparing to unpack .../18-rpcsvc-proto_1.4.3-1_amd64.deb ...
#13 22.20 Unpacking rpcsvc-proto (1.4.3-1) ...
#13 22.34 Selecting previously unselected package libc6-dev:amd64.
#13 22.34 Preparing to unpack .../19-libc6-dev_2.41-12_amd64.deb ...
#13 22.35 Unpacking libc6-dev:amd64 (2.41-12) ...
#13 22.78 Selecting previously unselected package libisl23:amd64.
#13 22.79 Preparing to unpack .../20-libisl23_0.27-1_amd64.deb ...
#13 22.80 Unpacking libisl23:amd64 (0.27-1) ...
#13 23.18 Selecting previously unselected package libmpfr6:amd64.
#13 23.19 Preparing to unpack .../21-libmpfr6_4.2.2-1_amd64.deb ...
#13 23.22 Unpacking libmpfr6:amd64 (4.2.2-1) ...
#13 23.43 Selecting previously unselected package libmpc3:amd64.
#13 23.43 Preparing to unpack .../22-libmpc3_1.3.1-1+b3_amd64.deb ...
#13 23.43 Unpacking libmpc3:amd64 (1.3.1-1+b3) ...
#13 23.59 Selecting previously unselected package cpp-14-x86-64-linux-gnu.
#13 23.59 Preparing to unpack .../23-cpp-14-x86-64-linux-gnu_14.2.0-19_amd64.deb ...
#13 23.60 Unpacking cpp-14-x86-64-linux-gnu (14.2.0-19) ...
#13 24.32 Selecting previously unselected package cpp-14.
#13 24.32 Preparing to unpack .../24-cpp-14_14.2.0-19_amd64.deb ...
#13 24.33 Unpacking cpp-14 (14.2.0-19) ...
#13 24.44 Selecting previously unselected package cpp-x86-64-linux-gnu.
#13 24.44 Preparing to unpack .../25-cpp-x86-64-linux-gnu_4%3a14.2.0-1_amd64.deb ...
#13 24.44 Unpacking cpp-x86-64-linux-gnu (4:14.2.0-1) ...
#13 24.55 Selecting previously unselected package cpp.
#13 24.55 Preparing to unpack .../26-cpp_4%3a14.2.0-1_amd64.deb ...
#13 24.64 Unpacking cpp (4:14.2.0-1) ...
#13 24.78 Selecting previously unselected package libcc1-0:amd64.
#13 24.79 Preparing to unpack .../27-libcc1-0_14.2.0-19_amd64.deb ...
#13 24.79 Unpacking libcc1-0:amd64 (14.2.0-19) ...
#13 24.90 Selecting previously unselected package libgomp1:amd64.
#13 24.90 Preparing to unpack .../28-libgomp1_14.2.0-19_amd64.deb ...
#13 24.90 Unpacking libgomp1:amd64 (14.2.0-19) ...
#13 25.03 Selecting previously unselected package libitm1:amd64.
#13 25.03 Preparing to unpack .../29-libitm1_14.2.0-19_amd64.deb ...
#13 25.04 Unpacking libitm1:amd64 (14.2.0-19) ...
#13 25.17 Selecting previously unselected package libatomic1:amd64.
#13 25.17 Preparing to unpack .../30-libatomic1_14.2.0-19_amd64.deb ...
#13 25.17 Unpacking libatomic1:amd64 (14.2.0-19) ...
#13 25.30 Selecting previously unselected package libasan8:amd64.
#13 25.30 Preparing to unpack .../31-libasan8_14.2.0-19_amd64.deb ...
#13 25.30 Unpacking libasan8:amd64 (14.2.0-19) ...
#13 25.54 Selecting previously unselected package liblsan0:amd64.
#13 25.54 Preparing to unpack .../32-liblsan0_14.2.0-19_amd64.deb ...
#13 25.54 Unpacking liblsan0:amd64 (14.2.0-19) ...
#13 25.70 Selecting previously unselected package libtsan2:amd64.
#13 25.70 Preparing to unpack .../33-libtsan2_14.2.0-19_amd64.deb ...
#13 25.70 Unpacking libtsan2:amd64 (14.2.0-19) ...
#13 25.92 Selecting previously unselected package libubsan1:amd64.
#13 25.92 Preparing to unpack .../34-libubsan1_14.2.0-19_amd64.deb ...
#13 25.92 Unpacking libubsan1:amd64 (14.2.0-19) ...
#13 26.07 Selecting previously unselected package libhwasan0:amd64.
#13 26.07 Preparing to unpack .../35-libhwasan0_14.2.0-19_amd64.deb ...
#13 26.07 Unpacking libhwasan0:amd64 (14.2.0-19) ...
#13 26.24 Selecting previously unselected package libquadmath0:amd64.
#13 26.24 Preparing to unpack .../36-libquadmath0_14.2.0-19_amd64.deb ...
#13 26.24 Unpacking libquadmath0:amd64 (14.2.0-19) ...
#13 26.36 Selecting previously unselected package libgcc-14-dev:amd64.
#13 26.37 Preparing to unpack .../37-libgcc-14-dev_14.2.0-19_amd64.deb ...
#13 26.37 Unpacking libgcc-14-dev:amd64 (14.2.0-19) ...
#13 26.58 Selecting previously unselected package gcc-14-x86-64-linux-gnu.
#13 26.58 Preparing to unpack .../38-gcc-14-x86-64-linux-gnu_14.2.0-19_amd64.deb ...
#13 26.58 Unpacking gcc-14-x86-64-linux-gnu (14.2.0-19) ...
#13 27.98 Selecting previously unselected package gcc-14.
#13 27.99 Preparing to unpack .../39-gcc-14_14.2.0-19_amd64.deb ...
#13 27.99 Unpacking gcc-14 (14.2.0-19) ...
#13 28.21 Selecting previously unselected package gcc-x86-64-linux-gnu.
#13 28.21 Preparing to unpack .../40-gcc-x86-64-linux-gnu_4%3a14.2.0-1_amd64.deb ...
#13 28.22 Unpacking gcc-x86-64-linux-gnu (4:14.2.0-1) ...
#13 28.40 Selecting previously unselected package gcc.
#13 28.40 Preparing to unpack .../41-gcc_4%3a14.2.0-1_amd64.deb ...
#13 28.41 Unpacking gcc (4:14.2.0-1) ...
#13 28.53 Selecting previously unselected package libstdc++-14-dev:amd64.
#13 28.53 Preparing to unpack .../42-libstdc++-14-dev_14.2.0-19_amd64.deb ...
#13 28.54 Unpacking libstdc++-14-dev:amd64 (14.2.0-19) ...
#13 28.95 Selecting previously unselected package g++-14-x86-64-linux-gnu.
#13 28.95 Preparing to unpack .../43-g++-14-x86-64-linux-gnu_14.2.0-19_amd64.deb ...
#13 28.96 Unpacking g++-14-x86-64-linux-gnu (14.2.0-19) ...
#13 29.60 Selecting previously unselected package g++-14.
#13 29.60 Preparing to unpack .../44-g++-14_14.2.0-19_amd64.deb ...
#13 29.60 Unpacking g++-14 (14.2.0-19) ...
#13 29.72 Selecting previously unselected package g++-x86-64-linux-gnu.
#13 29.72 Preparing to unpack .../45-g++-x86-64-linux-gnu_4%3a14.2.0-1_amd64.deb ...
#13 29.72 Unpacking g++-x86-64-linux-gnu (4:14.2.0-1) ...
#13 29.82 Selecting previously unselected package g++.
#13 29.82 Preparing to unpack .../46-g++_4%3a14.2.0-1_amd64.deb ...
#13 29.82 Unpacking g++ (4:14.2.0-1) ...
#13 29.98 Selecting previously unselected package make.
#13 29.98 Preparing to unpack .../47-make_4.4.1-2_amd64.deb ...
#13 29.98 Unpacking make (4.4.1-2) ...
#13 ...

#12 [linux/arm64 4/6] RUN apt-get update     && apt-get install -y --no-install-recommends gcc build-essential curl ca-certificates     && pip install --no-cache-dir -r requirements.txt     && apt-get remove -y gcc build-essential     && apt-get autoremove -y     && rm -rf /var/lib/apt/lists/*
#12 30.04 Collecting protobuf>=3.20 (from -r requirements.txt (line 14))
#12 30.09   Downloading protobuf-6.33.1-cp39-abi3-manylinux2014_aarch64.whl.metadata (593 bytes)
#12 30.65 Collecting SQLAlchemy>=2.0 (from -r requirements.txt (line 17))
#12 30.68   Downloading sqlalchemy-2.0.44-cp313-cp313-manylinux_2_17_aarch64.manylinux2014_aarch64.whl.metadata (9.5 kB)
#12 30.84 Collecting bleak<0.23.0,>=0.22.3 (from meshtastic==2.7.4->-r requirements.txt (line 10))
#12 30.87   Downloading bleak-0.22.3-py3-none-any.whl.metadata (5.4 kB)
#12 30.99 Collecting packaging<25.0,>=24.0 (from meshtastic==2.7.4->-r requirements.txt (line 10))
#12 31.03   Downloading packaging-24.2-py3-none-any.whl.metadata (3.2 kB)
#12 31.14 Collecting pypubsub<5.0.0,>=4.0.3 (from meshtastic==2.7.4->-r requirements.txt (line 10))
#12 31.18   Downloading Pypubsub-4.0.3-py3-none-any.whl.metadata (2.2 kB)
#12 31.23 Collecting pyserial<4.0,>=3.5 (from meshtastic==2.7.4->-r requirements.txt (line 10))
#12 31.27   Downloading pyserial-3.5-py2.py3-none-any.whl.metadata (1.6 kB)
#12 31.42 Collecting pyyaml<7.0.0,>=6.0.1 (from meshtastic==2.7.4->-r requirements.txt (line 10))
#12 31.46   Downloading pyyaml-6.0.3-cp313-cp313-manylinux2014_aarch64.manylinux_2_17_aarch64.manylinux_2_28_aarch64.whl.metadata (2.4 kB)
#12 31.55 Collecting tabulate<0.10.0,>=0.9.0 (from meshtastic==2.7.4->-r requirements.txt (line 10))
#12 31.58   Downloading tabulate-0.9.0-py3-none-any.whl.metadata (34 kB)
#12 31.84 Collecting charset_normalizer<4,>=2 (from requests->-r requirements.txt (line 4))
#12 31.88   Downloading charset_normalizer-3.4.4-cp313-cp313-manylinux2014_aarch64.manylinux_2_17_aarch64.manylinux_2_28_aarch64.whl.metadata (37 kB)
#12 32.02 Collecting idna<4,>=2.5 (from requests->-r requirements.txt (line 4))
#12 32.09   Downloading idna-3.11-py3-none-any.whl.metadata (8.4 kB)
#12 32.21 Collecting urllib3<3,>=1.21.1 (from requests->-r requirements.txt (line 4))
#12 32.24   Downloading urllib3-2.5.0-py3-none-any.whl.metadata (6.5 kB)
#12 32.37 Collecting certifi>=2017.4.17 (from requests->-r requirements.txt (line 4))
#12 32.42   Downloading certifi-2025.11.12-py3-none-any.whl.metadata (2.5 kB)
#12 32.99 Collecting dbus-fast<3,>=1.83.0 (from bleak<0.23.0,>=0.22.3->meshtastic==2.7.4->-r requirements.txt (line 10))
#12 33.12   Downloading dbus_fast-2.46.4-cp313-cp313-manylinux2014_aarch64.manylinux_2_17_aarch64.manylinux_2_28_aarch64.whl.metadata (10 kB)
#12 33.22 Collecting blinker>=1.9.0 (from Flask>=2.3->-r requirements.txt (line 2))
#12 33.25   Downloading blinker-1.9.0-py3-none-any.whl.metadata (1.6 kB)
#12 33.35 Collecting click>=8.1.3 (from Flask>=2.3->-r requirements.txt (line 2))
#12 33.39   Downloading click-8.3.1-py3-none-any.whl.metadata (2.6 kB)
#12 33.47 Collecting itsdangerous>=2.2.0 (from Flask>=2.3->-r requirements.txt (line 2))
#12 33.52   Downloading itsdangerous-2.2.0-py3-none-any.whl.metadata (1.9 kB)
#12 33.63 Collecting jinja2>=3.1.2 (from Flask>=2.3->-r requirements.txt (line 2))
#12 33.66   Downloading jinja2-3.1.6-py3-none-any.whl.metadata (2.9 kB)
#12 33.87 Collecting markupsafe>=2.1.1 (from Flask>=2.3->-r requirements.txt (line 2))
#12 33.97   Downloading markupsafe-3.0.3-cp313-cp313-manylinux2014_aarch64.manylinux_2_17_aarch64.manylinux_2_28_aarch64.whl.metadata (2.7 kB)
#12 34.11 Collecting werkzeug>=3.1.0 (from Flask>=2.3->-r requirements.txt (line 2))
#12 34.16   Downloading werkzeug-3.1.4-py3-none-any.whl.metadata (4.0 kB)
#12 34.45 Collecting cffi>=2.0.0 (from cryptography>=42.0.0->-r requirements.txt (line 5))
#12 34.48   Downloading cffi-2.0.0-cp313-cp313-manylinux2014_aarch64.manylinux_2_17_aarch64.whl.metadata (2.6 kB)
#12 34.65 Collecting limits>=3.13 (from Flask-Limiter>=3.3.0->-r requirements.txt (line 7))
#12 34.69   Downloading limits-5.6.0-py3-none-any.whl.metadata (10 kB)
#12 34.89 Collecting ordered-set<5,>4 (from Flask-Limiter>=3.3.0->-r requirements.txt (line 7))
#12 34.92   Downloading ordered_set-4.1.0-py3-none-any.whl.metadata (5.3 kB)
#12 35.18 Collecting rich<15,>=12 (from Flask-Limiter>=3.3.0->-r requirements.txt (line 7))
#12 35.22   Downloading rich-14.2.0-py3-none-any.whl.metadata (18 kB)
#12 35.37 Collecting typing-extensions>=4.3 (from Flask-Limiter>=3.3.0->-r requirements.txt (line 7))
#12 35.41   Downloading typing_extensions-4.15.0-py3-none-any.whl.metadata (3.3 kB)
#12 35.52 Collecting markdown-it-py>=2.2.0 (from rich<15,>=12->Flask-Limiter>=3.3.0->-r requirements.txt (line 7))
#12 35.55   Downloading markdown_it_py-4.0.0-py3-none-any.whl.metadata (7.3 kB)
#12 35.71 Collecting pygments<3.0.0,>=2.13.0 (from rich<15,>=12->Flask-Limiter>=3.3.0->-r requirements.txt (line 7))
#12 35.75   Downloading pygments-2.19.2-py3-none-any.whl.metadata (2.5 kB)
#12 36.04 Collecting greenlet>=1 (from SQLAlchemy>=2.0->-r requirements.txt (line 17))
#12 36.17   Downloading greenlet-3.2.4-cp313-cp313-manylinux2014_aarch64.manylinux_2_17_aarch64.whl.metadata (4.1 kB)
#12 36.26 Collecting pycparser (from cffi>=2.0.0->cryptography>=42.0.0->-r requirements.txt (line 5))
#12 36.28   Downloading pycparser-2.23-py3-none-any.whl.metadata (993 bytes)
#12 36.36 Collecting deprecated>=1.2 (from limits>=3.13->Flask-Limiter>=3.3.0->-r requirements.txt (line 7))
#12 36.40   Downloading deprecated-1.3.1-py2.py3-none-any.whl.metadata (5.9 kB)
#12 36.69 Collecting wrapt<3,>=1.10 (from deprecated>=1.2->limits>=3.13->Flask-Limiter>=3.3.0->-r requirements.txt (line 7))
#12 36.72   Downloading wrapt-2.0.1-cp313-cp313-manylinux2014_aarch64.manylinux_2_17_aarch64.manylinux_2_28_aarch64.whl.metadata (9.0 kB)
#12 36.82 Collecting mdurl~=0.1 (from markdown-it-py>=2.2.0->rich<15,>=12->Flask-Limiter>=3.3.0->-r requirements.txt (line 7))
#12 36.85   Downloading mdurl-0.1.2-py3-none-any.whl.metadata (1.6 kB)
#12 36.98 Downloading meshtastic-2.7.4-py3-none-any.whl (328 kB)
#12 ...

#13 [linux/amd64 4/6] RUN apt-get update     && apt-get install -y --no-install-recommends gcc build-essential curl ca-certificates     && pip install --no-cache-dir -r requirements.txt     && apt-get remove -y gcc build-essential     && apt-get autoremove -y     && rm -rf /var/lib/apt/lists/*
#13 30.10 Selecting previously unselected package libdpkg-perl.
#13 30.11 Preparing to unpack .../48-libdpkg-perl_1.22.21_all.deb ...
#13 30.11 Unpacking libdpkg-perl (1.22.21) ...
#13 30.24 Selecting previously unselected package patch.
#13 30.24 Preparing to unpack .../49-patch_2.8-2_amd64.deb ...
#13 30.24 Unpacking patch (2.8-2) ...
#13 30.35 Selecting previously unselected package dpkg-dev.
#13 30.35 Preparing to unpack .../50-dpkg-dev_1.22.21_all.deb ...
#13 30.35 Unpacking dpkg-dev (1.22.21) ...
#13 30.55 Selecting previously unselected package build-essential.
#13 30.56 Preparing to unpack .../51-build-essential_12.12_amd64.deb ...
#13 30.56 Unpacking build-essential (12.12) ...
#13 30.69 Selecting previously unselected package libbrotli1:amd64.
#13 30.69 Preparing to unpack .../52-libbrotli1_1.1.0-2+b7_amd64.deb ...
#13 30.70 Unpacking libbrotli1:amd64 (1.1.0-2+b7) ...
#13 30.88 Selecting previously unselected package libkrb5support0:amd64.
#13 30.89 Preparing to unpack .../53-libkrb5support0_1.21.3-5_amd64.deb ...
#13 30.89 Unpacking libkrb5support0:amd64 (1.21.3-5) ...
#13 31.05 Selecting previously unselected package libcom-err2:amd64.
#13 31.05 Preparing to unpack .../54-libcom-err2_1.47.2-3+b3_amd64.deb ...
#13 31.05 Unpacking libcom-err2:amd64 (1.47.2-3+b3) ...
#13 31.16 Selecting previously unselected package libk5crypto3:amd64.
#13 31.16 Preparing to unpack .../55-libk5crypto3_1.21.3-5_amd64.deb ...
#13 31.17 Unpacking libk5crypto3:amd64 (1.21.3-5) ...
#13 31.30 Selecting previously unselected package libkeyutils1:amd64.
#13 31.30 Preparing to unpack .../56-libkeyutils1_1.6.3-6_amd64.deb ...
#13 31.31 Unpacking libkeyutils1:amd64 (1.6.3-6) ...
#13 31.48 Selecting previously unselected package libkrb5-3:amd64.
#13 31.48 Preparing to unpack .../57-libkrb5-3_1.21.3-5_amd64.deb ...
#13 31.49 Unpacking libkrb5-3:amd64 (1.21.3-5) ...
#13 31.68 Selecting previously unselected package libgssapi-krb5-2:amd64.
#13 31.70 Preparing to unpack .../58-libgssapi-krb5-2_1.21.3-5_amd64.deb ...
#13 31.71 Unpacking libgssapi-krb5-2:amd64 (1.21.3-5) ...
#13 31.86 Selecting previously unselected package libunistring5:amd64.
#13 31.87 Preparing to unpack .../59-libunistring5_1.3-2_amd64.deb ...
#13 31.87 Unpacking libunistring5:amd64 (1.3-2) ...
#13 32.01 Selecting previously unselected package libidn2-0:amd64.
#13 32.01 Preparing to unpack .../60-libidn2-0_2.3.8-2_amd64.deb ...
#13 32.02 Unpacking libidn2-0:amd64 (2.3.8-2) ...
#13 32.14 Selecting previously unselected package libsasl2-modules-db:amd64.
#13 32.15 Preparing to unpack .../61-libsasl2-modules-db_2.1.28+dfsg1-9_amd64.deb ...
#13 32.15 Unpacking libsasl2-modules-db:amd64 (2.1.28+dfsg1-9) ...
#13 32.27 Selecting previously unselected package libsasl2-2:amd64.
#13 32.27 Preparing to unpack .../62-libsasl2-2_2.1.28+dfsg1-9_amd64.deb ...
#13 32.28 Unpacking libsasl2-2:amd64 (2.1.28+dfsg1-9) ...
#13 32.44 Selecting previously unselected package libldap2:amd64.
#13 32.45 Preparing to unpack .../63-libldap2_2.6.10+dfsg-1_amd64.deb ...
#13 32.46 Unpacking libldap2:amd64 (2.6.10+dfsg-1) ...
#13 32.59 Selecting previously unselected package libnghttp2-14:amd64.
#13 32.60 Preparing to unpack .../64-libnghttp2-14_1.64.0-1.1_amd64.deb ...
#13 32.60 Unpacking libnghttp2-14:amd64 (1.64.0-1.1) ...
#13 32.73 Selecting previously unselected package libnghttp3-9:amd64.
#13 32.73 Preparing to unpack .../65-libnghttp3-9_1.8.0-1_amd64.deb ...
#13 32.73 Unpacking libnghttp3-9:amd64 (1.8.0-1) ...
#13 32.89 Selecting previously unselected package libpsl5t64:amd64.
#13 32.89 Preparing to unpack .../66-libpsl5t64_0.21.2-1.1+b1_amd64.deb ...
#13 32.90 Unpacking libpsl5t64:amd64 (0.21.2-1.1+b1) ...
#13 33.06 Selecting previously unselected package libp11-kit0:amd64.
#13 33.06 Preparing to unpack .../67-libp11-kit0_0.25.5-3_amd64.deb ...
#13 33.06 Unpacking libp11-kit0:amd64 (0.25.5-3) ...
#13 33.20 Selecting previously unselected package libtasn1-6:amd64.
#13 33.20 Preparing to unpack .../68-libtasn1-6_4.20.0-2_amd64.deb ...
#13 33.21 Unpacking libtasn1-6:amd64 (4.20.0-2) ...
#13 33.32 Selecting previously unselected package libgnutls30t64:amd64.
#13 33.32 Preparing to unpack .../69-libgnutls30t64_3.8.9-3_amd64.deb ...
#13 33.32 Unpacking libgnutls30t64:amd64 (3.8.9-3) ...
#13 33.49 Selecting previously unselected package librtmp1:amd64.
#13 33.49 Preparing to unpack .../70-librtmp1_2.4+20151223.gitfa8646d.1-2+b5_amd64.deb ...
#13 33.50 Unpacking librtmp1:amd64 (2.4+20151223.gitfa8646d.1-2+b5) ...
#13 33.67 Selecting previously unselected package libssh2-1t64:amd64.
#13 33.67 Preparing to unpack .../71-libssh2-1t64_1.11.1-1_amd64.deb ...
#13 33.67 Unpacking libssh2-1t64:amd64 (1.11.1-1) ...
#13 33.87 Selecting previously unselected package libcurl4t64:amd64.
#13 33.88 Preparing to unpack .../72-libcurl4t64_8.14.1-2+deb13u2_amd64.deb ...
#13 33.88 Unpacking libcurl4t64:amd64 (8.14.1-2+deb13u2) ...
#13 34.15 Selecting previously unselected package curl.
#13 34.15 Preparing to unpack .../73-curl_8.14.1-2+deb13u2_amd64.deb ...
#13 34.16 Unpacking curl (8.14.1-2+deb13u2) ...
#13 34.47 Setting up libkeyutils1:amd64 (1.6.3-6) ...
#13 34.48 Setting up libgdbm-compat4t64:amd64 (1.24-2) ...
#13 34.49 Setting up libbrotli1:amd64 (1.1.0-2+b7) ...
#13 34.51 Setting up binutils-common:amd64 (2.44-3) ...
#13 34.55 Setting up libnghttp2-14:amd64 (1.64.0-1.1) ...
#13 34.57 Setting up linux-libc-dev (6.12.57-1) ...
#13 34.58 Setting up libctf-nobfd0:amd64 (2.44-3) ...
#13 34.60 Setting up libcom-err2:amd64 (1.47.2-3+b3) ...
#13 34.61 Setting up libgomp1:amd64 (14.2.0-19) ...
#13 34.62 Setting up bzip2 (1.0.8-6) ...
#13 34.64 Setting up libsframe1:amd64 (2.44-3) ...
#13 34.66 Setting up libjansson4:amd64 (2.14-2+b3) ...
#13 34.67 Setting up libkrb5support0:amd64 (1.21.3-5) ...
#13 34.69 Setting up libsasl2-modules-db:amd64 (2.1.28+dfsg1-9) ...
#13 34.70 Setting up rpcsvc-proto (1.4.3-1) ...
#13 34.72 Setting up make (4.4.1-2) ...
#13 34.75 Setting up libmpfr6:amd64 (4.2.2-1) ...
#13 34.77 Setting up xz-utils (5.8.1-1) ...
#13 34.94 update-alternatives: using /usr/bin/xz to provide /usr/bin/lzma (lzma) in auto mode
#13 34.94 update-alternatives: warning: skip creation of /usr/share/man/man1/lzma.1.gz because associated file /usr/share/man/man1/xz.1.gz (of link group lzma) doesn't exist
#13 34.94 update-alternatives: warning: skip creation of /usr/share/man/man1/unlzma.1.gz because associated file /usr/share/man/man1/unxz.1.gz (of link group lzma) doesn't exist
#13 34.94 update-alternatives: warning: skip creation of /usr/share/man/man1/lzcat.1.gz because associated file /usr/share/man/man1/xzcat.1.gz (of link group lzma) doesn't exist
#13 34.94 update-alternatives: warning: skip creation of /usr/share/man/man1/lzmore.1.gz because associated file /usr/share/man/man1/xzmore.1.gz (of link group lzma) doesn't exist
#13 34.94 update-alternatives: warning: skip creation of /usr/share/man/man1/lzless.1.gz because associated file /usr/share/man/man1/xzless.1.gz (of link group lzma) doesn't exist
#13 34.94 update-alternatives: warning: skip creation of /usr/share/man/man1/lzdiff.1.gz because associated file /usr/share/man/man1/xzdiff.1.gz (of link group lzma) doesn't exist
#13 34.94 update-alternatives: warning: skip creation of /usr/share/man/man1/lzcmp.1.gz because associated file /usr/share/man/man1/xzcmp.1.gz (of link group lzma) doesn't exist
#13 34.95 update-alternatives: warning: skip creation of /usr/share/man/man1/lzgrep.1.gz because associated file /usr/share/man/man1/xzgrep.1.gz (of link group lzma) doesn't exist
#13 34.95 update-alternatives: warning: skip creation of /usr/share/man/man1/lzegrep.1.gz because associated file /usr/share/man/man1/xzegrep.1.gz (of link group lzma) doesn't exist
#13 34.95 update-alternatives: warning: skip creation of /usr/share/man/man1/lzfgrep.1.gz because associated file /usr/share/man/man1/xzfgrep.1.gz (of link group lzma) doesn't exist
#13 34.96 Setting up libquadmath0:amd64 (14.2.0-19) ...
#13 34.97 Setting up libp11-kit0:amd64 (0.25.5-3) ...
#13 34.99 Setting up libunistring5:amd64 (1.3-2) ...
#13 35.00 Setting up libmpc3:amd64 (1.3.1-1+b3) ...
#13 35.02 Setting up libatomic1:amd64 (14.2.0-19) ...
#13 35.04 Setting up patch (2.8-2) ...
#13 35.08 Setting up libk5crypto3:amd64 (1.21.3-5) ...
#13 35.10 Setting up libsasl2-2:amd64 (2.1.28+dfsg1-9) ...
#13 35.12 Setting up libnghttp3-9:amd64 (1.8.0-1) ...
#13 35.14 Setting up libubsan1:amd64 (14.2.0-19) ...
#13 35.16 Setting up perl-modules-5.40 (5.40.1-6) ...
#13 35.82 Setting up libhwasan0:amd64 (14.2.0-19) ...
#13 35.83 Setting up libcrypt-dev:amd64 (1:4.4.38-1) ...
#13 35.92 Setting up libasan8:amd64 (14.2.0-19) ...
#13 35.93 Setting up libtasn1-6:amd64 (4.20.0-2) ...
#13 35.93 Setting up libkrb5-3:amd64 (1.21.3-5) ...
#13 35.94 Setting up libssh2-1t64:amd64 (1.11.1-1) ...
#13 35.95 Setting up libtsan2:amd64 (14.2.0-19) ...
#13 35.95 Setting up libbinutils:amd64 (2.44-3) ...
#13 35.96 Setting up libisl23:amd64 (0.27-1) ...
#13 35.97 Setting up libc-dev-bin (2.41-12) ...
#13 35.98 Setting up libcc1-0:amd64 (14.2.0-19) ...
#13 35.99 Setting up libldap2:amd64 (2.6.10+dfsg-1) ...
#13 35.99 Setting up liblsan0:amd64 (14.2.0-19) ...
#13 36.00 Setting up libitm1:amd64 (14.2.0-19) ...
#13 36.01 Setting up libctf0:amd64 (2.44-3) ...
#13 36.01 Setting up libidn2-0:amd64 (2.3.8-2) ...
#13 36.02 Setting up libperl5.40:amd64 (5.40.1-6) ...
#13 36.03 Setting up perl (5.40.1-6) ...
#13 36.09 Setting up libgprofng0:amd64 (2.44-3) ...
#13 36.10 Setting up libgssapi-krb5-2:amd64 (1.21.3-5) ...
#13 36.12 Setting up cpp-14-x86-64-linux-gnu (14.2.0-19) ...
#13 36.13 Setting up libdpkg-perl (1.22.21) ...
#13 36.14 Setting up cpp-14 (14.2.0-19) ...
#13 36.14 Setting up libc6-dev:amd64 (2.41-12) ...
#13 36.15 Setting up libgcc-14-dev:amd64 (14.2.0-19) ...
#13 36.15 Setting up libstdc++-14-dev:amd64 (14.2.0-19) ...
#13 36.16 Setting up binutils-x86-64-linux-gnu (2.44-3) ...
#13 36.17 Setting up cpp-x86-64-linux-gnu (4:14.2.0-1) ...
#13 36.18 Setting up libgnutls30t64:amd64 (3.8.9-3) ...
#13 36.19 Setting up libpsl5t64:amd64 (0.21.2-1.1+b1) ...
#13 36.20 Setting up binutils (2.44-3) ...
#13 36.20 Setting up dpkg-dev (1.22.21) ...
#13 36.27 Setting up librtmp1:amd64 (2.4+20151223.gitfa8646d.1-2+b5) ...
#13 36.29 Setting up cpp (4:14.2.0-1) ...
#13 36.39 Setting up gcc-14-x86-64-linux-gnu (14.2.0-19) ...
#13 36.40 Setting up gcc-x86-64-linux-gnu (4:14.2.0-1) ...
#13 36.41 Setting up libcurl4t64:amd64 (8.14.1-2+deb13u2) ...
#13 36.42 Setting up gcc-14 (14.2.0-19) ...
#13 36.42 Setting up g++-14-x86-64-linux-gnu (14.2.0-19) ...
#13 36.42 Setting up g++-x86-64-linux-gnu (4:14.2.0-1) ...
#13 36.43 Setting up curl (8.14.1-2+deb13u2) ...
#13 36.44 Setting up g++-14 (14.2.0-19) ...
#13 36.44 Setting up gcc (4:14.2.0-1) ...
#13 36.52 Setting up g++ (4:14.2.0-1) ...
#13 36.56 update-alternatives: using /usr/bin/g++ to provide /usr/bin/c++ (c++) in auto mode
#13 36.57 Setting up build-essential (12.12) ...
#13 36.57 Processing triggers for libc-bin (2.41-12) ...
#13 ...

#12 [linux/arm64 4/6] RUN apt-get update     && apt-get install -y --no-install-recommends gcc build-essential curl ca-certificates     && pip install --no-cache-dir -r requirements.txt     && apt-get remove -y gcc build-essential     && apt-get autoremove -y     && rm -rf /var/lib/apt/lists/*
#12 37.17 Downloading paho_mqtt-2.1.0-py3-none-any.whl (67 kB)
#12 37.22 Downloading requests-2.32.5-py3-none-any.whl (64 kB)
#12 37.27 Downloading bleak-0.22.3-py3-none-any.whl (142 kB)
#12 37.36 Downloading charset_normalizer-3.4.4-cp313-cp313-manylinux2014_aarch64.manylinux_2_17_aarch64.manylinux_2_28_aarch64.whl (147 kB)
#12 37.77 Downloading dbus_fast-2.46.4-cp313-cp313-manylinux2014_aarch64.manylinux_2_17_aarch64.manylinux_2_28_aarch64.whl (768 kB)
#12 38.00    ━━━━━━━━━━━━━━━━━━━━━━━━━━━━━━━━━━━━━━━━ 768.1/768.1 kB 5.7 MB/s  0:00:00
#12 38.02 Downloading idna-3.11-py3-none-any.whl (71 kB)
#12 38.05 Downloading packaging-24.2-py3-none-any.whl (65 kB)
#12 38.09 Downloading Pypubsub-4.0.3-py3-none-any.whl (61 kB)
#12 38.14 Downloading pyserial-3.5-py2.py3-none-any.whl (90 kB)
#12 38.21 Downloading pyyaml-6.0.3-cp313-cp313-manylinux2014_aarch64.manylinux_2_17_aarch64.manylinux_2_28_aarch64.whl (767 kB)
#12 38.44    ━━━━━━━━━━━━━━━━━━━━━━━━━━━━━━━━━━━━━━━━ 767.1/767.1 kB 5.0 MB/s  0:00:00
#12 38.46 Downloading tabulate-0.9.0-py3-none-any.whl (35 kB)
#12 38.47 Downloading urllib3-2.5.0-py3-none-any.whl (129 kB)
#12 38.55 Downloading flask-3.1.2-py3-none-any.whl (103 kB)
#12 38.61 Downloading python_dotenv-1.2.1-py3-none-any.whl (21 kB)
#12 38.64 Downloading cryptography-46.0.3-cp311-abi3-manylinux_2_34_aarch64.whl (4.3 MB)
#12 39.16    ━━━━━━━━━━━━━━━━━━━━━━━━━━━━━━━━━━━━━━━━ 4.3/4.3 MB 9.6 MB/s  0:00:00
#12 39.18 Downloading gunicorn-23.0.0-py3-none-any.whl (85 kB)
#12 39.20 Downloading flask_limiter-4.0.0-py3-none-any.whl (29 kB)
#12 39.22 Downloading ordered_set-4.1.0-py3-none-any.whl (7.6 kB)
#12 39.24 Downloading rich-14.2.0-py3-none-any.whl (243 kB)
#12 39.33 Downloading pygments-2.19.2-py3-none-any.whl (1.2 MB)
#12 39.52    ━━━━━━━━━━━━━━━━━━━━━━━━━━━━━━━━━━━━━━━━ 1.2/1.2 MB 8.8 MB/s  0:00:00
#12 39.54 Downloading protobuf-6.33.1-cp39-abi3-manylinux2014_aarch64.whl (324 kB)
#12 39.63 Downloading sqlalchemy-2.0.44-cp313-cp313-manylinux_2_17_aarch64.manylinux2014_aarch64.whl (3.3 MB)
#12 39.92    ━━━━━━━━━━━━━━━━━━━━━━━━━━━━━━━━━━━━━━━━ 3.3/3.3 MB 13.8 MB/s  0:00:00
#12 39.93 Downloading blinker-1.9.0-py3-none-any.whl (8.5 kB)
#12 39.96 Downloading certifi-2025.11.12-py3-none-any.whl (159 kB)
#12 40.03 Downloading cffi-2.0.0-cp313-cp313-manylinux2014_aarch64.manylinux_2_17_aarch64.whl (220 kB)
#12 40.13 Downloading click-8.3.1-py3-none-any.whl (108 kB)
#12 40.20 Downloading greenlet-3.2.4-cp313-cp313-manylinux2014_aarch64.manylinux_2_17_aarch64.whl (641 kB)
#12 40.29    ━━━━━━━━━━━━━━━━━━━━━━━━━━━━━━━━━━━━━━━━ 641.1/641.1 kB 9.0 MB/s  0:00:00
#12 40.30 Downloading itsdangerous-2.2.0-py3-none-any.whl (16 kB)
#12 40.32 Downloading jinja2-3.1.6-py3-none-any.whl (134 kB)
#12 40.44 Downloading limits-5.6.0-py3-none-any.whl (60 kB)
#12 40.56 Downloading deprecated-1.3.1-py2.py3-none-any.whl (11 kB)
#12 40.60 Downloading wrapt-2.0.1-cp313-cp313-manylinux2014_aarch64.manylinux_2_17_aarch64.manylinux_2_28_aarch64.whl (123 kB)
#12 40.64 Downloading markdown_it_py-4.0.0-py3-none-any.whl (87 kB)
#12 40.67 Downloading mdurl-0.1.2-py3-none-any.whl (10.0 kB)
#12 40.68 Downloading markupsafe-3.0.3-cp313-cp313-manylinux2014_aarch64.manylinux_2_17_aarch64.manylinux_2_28_aarch64.whl (24 kB)
#12 40.72 Downloading typing_extensions-4.15.0-py3-none-any.whl (44 kB)
#12 40.75 Downloading werkzeug-3.1.4-py3-none-any.whl (224 kB)
#12 40.84 Downloading pycparser-2.23-py3-none-any.whl (118 kB)
#12 40.96 Installing collected packages: pyserial, wrapt, urllib3, typing-extensions, tabulate, pyyaml, python-dotenv, pypubsub, pygments, pycparser, protobuf, paho-mqtt, packaging, ordered-set, mdurl, markupsafe, itsdangerous, idna, greenlet, dbus-fast, click, charset_normalizer, certifi, blinker, werkzeug, SQLAlchemy, requests, markdown-it-py, jinja2, gunicorn, deprecated, cffi, bleak, rich, meshtastic, limits, Flask, cryptography, Flask-Limiter
#12 43.98 
#12 43.98 Successfully installed Flask-3.1.2 Flask-Limiter-4.0.0 SQLAlchemy-2.0.44 bleak-0.22.3 blinker-1.9.0 certifi-2025.11.12 cffi-2.0.0 charset_normalizer-3.4.4 click-8.3.1 cryptography-46.0.3 dbus-fast-2.46.4 deprecated-1.3.1 greenlet-3.2.4 gunicorn-23.0.0 idna-3.11 itsdangerous-2.2.0 jinja2-3.1.6 limits-5.6.0 markdown-it-py-4.0.0 markupsafe-3.0.3 mdurl-0.1.2 meshtastic-2.7.4 ordered-set-4.1.0 packaging-24.2 paho-mqtt-2.1.0 protobuf-6.33.1 pycparser-2.23 pygments-2.19.2 pypubsub-4.0.3 pyserial-3.5 python-dotenv-1.2.1 pyyaml-6.0.3 requests-2.32.5 rich-14.2.0 tabulate-0.9.0 typing-extensions-4.15.0 urllib3-2.5.0 werkzeug-3.1.4 wrapt-2.0.1
#12 43.98 WARNING: Running pip as the 'root' user can result in broken permissions and conflicting behaviour with the system package manager, possibly rendering your system unusable. It is recommended to use a virtual environment instead: https://pip.pypa.io/warnings/venv. Use the --root-user-action option if you know what you are doing and want to suppress this warning.
#12 44.23 
#12 44.23 [notice] A new release of pip is available: 25.2 -> 25.3
#12 44.23 [notice] To update, run: pip install --upgrade pip
#12 44.61 Reading package lists...
#12 45.10 Building dependency tree...
#12 45.20 Reading state information...
#12 45.42 The following packages were automatically installed and are no longer required:
#12 45.42   binutils binutils-aarch64-linux-gnu binutils-common bzip2 cpp cpp-14
#12 45.42   cpp-14-aarch64-linux-gnu cpp-aarch64-linux-gnu dpkg-dev g++-14
#12 45.42   g++-14-aarch64-linux-gnu g++-aarch64-linux-gnu gcc-14
#12 45.42   gcc-14-aarch64-linux-gnu gcc-aarch64-linux-gnu libasan8 libatomic1
#12 45.42   libbinutils libc-dev-bin libc6-dev libcc1-0 libcrypt-dev libctf-nobfd0
#12 45.42   libctf0 libdpkg-perl libgcc-14-dev libgdbm-compat4t64 libgomp1 libgprofng0
#12 45.43   libhwasan0 libisl23 libitm1 libjansson4 liblsan0 libmpc3 libmpfr6
#12 45.43   libperl5.40 libsframe1 libstdc++-14-dev libtsan2 libubsan1 linux-libc-dev
#12 45.43   make patch perl perl-modules-5.40 rpcsvc-proto xz-utils
#12 45.43 Use 'apt autoremove' to remove them.
#12 45.44 The following packages will be REMOVED:
#12 45.44   build-essential g++ gcc
#12 45.62 0 upgraded, 0 newly installed, 3 to remove and 0 not upgraded.
#12 45.62 After this operation, 67.6 kB disk space will be freed.
#12 45.62 (Reading database ... (Reading database ... 5%(Reading database ... 10%(Reading database ... 15%(Reading database ... 20%(Reading database ... 25%(Reading database ... 30%(Reading database ... 35%(Reading database ... 40%(Reading database ... 45%(Reading database ... 50%(Reading database ... 55%(Reading database ... 60%(Reading database ... 65%(Reading database ... 70%(Reading database ... 75%(Reading database ... 80%(Reading database ... 85%(Reading database ... 90%(Reading database ... 95%(Reading database ... 100%(Reading database ... 13846 files and directories currently installed.)
#12 45.63 Removing build-essential (12.12) ...
#12 45.65 Removing g++ (4:14.2.0-1) ...
#12 45.66 Removing gcc (4:14.2.0-1) ...
#12 45.69 Reading package lists...
#12 46.17 Building dependency tree...
#12 46.28 Reading state information...
#12 46.47 The following packages will be REMOVED:
#12 46.47   binutils binutils-aarch64-linux-gnu binutils-common bzip2 cpp cpp-14
#12 46.47   cpp-14-aarch64-linux-gnu cpp-aarch64-linux-gnu dpkg-dev g++-14
#12 46.47   g++-14-aarch64-linux-gnu g++-aarch64-linux-gnu gcc-14
#12 46.47   gcc-14-aarch64-linux-gnu gcc-aarch64-linux-gnu libasan8 libatomic1
#12 46.47   libbinutils libc-dev-bin libc6-dev libcc1-0 libcrypt-dev libctf-nobfd0
#12 46.47   libctf0 libdpkg-perl libgcc-14-dev libgdbm-compat4t64 libgomp1 libgprofng0
#12 46.47   libhwasan0 libisl23 libitm1 libjansson4 liblsan0 libmpc3 libmpfr6
#12 46.47   libperl5.40 libsframe1 libstdc++-14-dev libtsan2 libubsan1 linux-libc-dev
#12 46.47   make patch perl perl-modules-5.40 rpcsvc-proto xz-utils
#12 46.61 0 upgraded, 0 newly installed, 48 to remove and 0 not upgraded.
#12 46.61 After this operation, 322 MB disk space will be freed.
#12 46.61 (Reading database ... (Reading database ... 5%(Reading database ... 10%(Reading database ... 15%(Reading database ... 20%(Reading database ... 25%(Reading database ... 30%(Reading database ... 35%(Reading database ... 40%(Reading database ... 45%(Reading database ... 50%(Reading database ... 55%(Reading database ... 60%(Reading database ... 65%(Reading database ... 70%(Reading database ... 75%(Reading database ... 80%(Reading database ... 85%(Reading database ... 90%(Reading database ... 95%(Reading database ... 100%(Reading database ... 13814 files and directories currently installed.)
#12 46.62 Removing g++-14 (14.2.0-19) ...
#12 46.63 Removing gcc-14 (14.2.0-19) ...
#12 46.64 Removing dpkg-dev (1.22.21) ...
#12 46.65 Removing binutils (2.44-3) ...
#12 46.67 Removing g++-aarch64-linux-gnu (4:14.2.0-1) ...
#12 46.68 Removing gcc-aarch64-linux-gnu (4:14.2.0-1) ...
#12 46.69 Removing g++-14-aarch64-linux-gnu (14.2.0-19) ...
#12 46.70 Removing gcc-14-aarch64-linux-gnu (14.2.0-19) ...
#12 46.72 Removing binutils-aarch64-linux-gnu (2.44-3) ...
#12 46.75 Removing libgprofng0:arm64 (2.44-3) ...
#12 46.76 Removing libctf0:arm64 (2.44-3) ...
#12 46.77 Removing libbinutils:arm64 (2.44-3) ...
#12 46.78 Removing binutils-common:arm64 (2.44-3) ...
#12 46.79 Removing bzip2 (1.0.8-6) ...
#12 46.81 Removing cpp (4:14.2.0-1) ...
#12 46.82 Removing cpp-14 (14.2.0-19) ...
#12 46.83 Removing cpp-aarch64-linux-gnu (4:14.2.0-1) ...
#12 46.85 Removing cpp-14-aarch64-linux-gnu (14.2.0-19) ...
#12 46.87 Removing libstdc++-14-dev:arm64 (14.2.0-19) ...
#12 46.90 Removing libgcc-14-dev:arm64 (14.2.0-19) ...
#12 46.92 Removing libasan8:arm64 (14.2.0-19) ...
#12 46.93 Removing libatomic1:arm64 (14.2.0-19) ...
#12 46.95 Removing libc6-dev:arm64 (2.41-12) ...
#12 46.97 Removing libc-dev-bin (2.41-12) ...
#12 46.99 Removing libcc1-0:arm64 (14.2.0-19) ...
#12 47.00 Removing libcrypt-dev:arm64 (1:4.4.38-1) ...
#12 47.01 Removing libctf-nobfd0:arm64 (2.44-3) ...
#12 47.03 Removing libdpkg-perl (1.22.21) ...
#12 47.04 Removing perl (5.40.1-6) ...
#12 47.05 Removing libperl5.40:arm64 (5.40.1-6) ...
#12 47.09 Removing libgdbm-compat4t64:arm64 (1.24-2) ...
#12 47.11 Removing libgomp1:arm64 (14.2.0-19) ...
#12 47.12 Removing libhwasan0:arm64 (14.2.0-19) ...
#12 47.14 Removing libisl23:arm64 (0.27-1) ...
#12 47.15 Removing libitm1:arm64 (14.2.0-19) ...
#12 47.17 Removing libjansson4:arm64 (2.14-2+b3) ...
#12 47.18 Removing liblsan0:arm64 (14.2.0-19) ...
#12 47.20 Removing libmpc3:arm64 (1.3.1-1+b3) ...
#12 47.23 Removing libmpfr6:arm64 (4.2.2-1) ...
#12 47.24 Removing libsframe1:arm64 (2.44-3) ...
#12 47.26 Removing libtsan2:arm64 (14.2.0-19) ...
#12 47.27 Removing libubsan1:arm64 (14.2.0-19) ...
#12 47.28 Removing linux-libc-dev (6.12.57-1) ...
#12 47.34 Removing make (4.4.1-2) ...
#12 47.35 Removing patch (2.8-2) ...
#12 47.37 Removing perl-modules-5.40 (5.40.1-6) ...
#12 47.41 Removing rpcsvc-proto (1.4.3-1+b1) ...
#12 47.42 Removing xz-utils (5.8.1-1) ...
#12 47.44 Processing triggers for libc-bin (2.41-12) ...
#12 DONE 47.6s

#14 [linux/arm64 5/6] COPY . /app
#14 DONE 0.1s

#13 [linux/amd64 4/6] RUN apt-get update     && apt-get install -y --no-install-recommends gcc build-essential curl ca-certificates     && pip install --no-cache-dir -r requirements.txt     && apt-get remove -y gcc build-essential     && apt-get autoremove -y     && rm -rf /var/lib/apt/lists/*
#13 38.63 Collecting Flask>=2.3 (from -r requirements.txt (line 2))
#13 38.82   Downloading flask-3.1.2-py3-none-any.whl.metadata (3.2 kB)
#13 38.89 Collecting python-dotenv (from -r requirements.txt (line 3))
#13 38.93   Downloading python_dotenv-1.2.1-py3-none-any.whl.metadata (25 kB)
#13 39.01 Collecting requests (from -r requirements.txt (line 4))
#13 39.04   Downloading requests-2.32.5-py3-none-any.whl.metadata (4.9 kB)
#13 39.34 Collecting cryptography>=42.0.0 (from -r requirements.txt (line 5))
#13 39.42   Downloading cryptography-46.0.3-cp311-abi3-manylinux_2_34_x86_64.whl.metadata (5.7 kB)
#13 39.51 Collecting gunicorn>=21.0.0 (from -r requirements.txt (line 6))
#13 39.54   Downloading gunicorn-23.0.0-py3-none-any.whl.metadata (4.4 kB)
#13 39.64 Collecting Flask-Limiter>=3.3.0 (from -r requirements.txt (line 7))
#13 39.72   Downloading flask_limiter-4.0.0-py3-none-any.whl.metadata (6.2 kB)
#13 39.86 Collecting meshtastic==2.7.4 (from -r requirements.txt (line 10))
#13 39.90   Downloading meshtastic-2.7.4-py3-none-any.whl.metadata (5.1 kB)
#13 39.95 Collecting paho-mqtt==2.1.0 (from -r requirements.txt (line 11))
#13 40.01   Downloading paho_mqtt-2.1.0-py3-none-any.whl.metadata (23 kB)
#13 40.37 Collecting protobuf>=3.20 (from -r requirements.txt (line 14))
#13 40.41   Downloading protobuf-6.33.1-cp39-abi3-manylinux2014_x86_64.whl.metadata (593 bytes)
#13 40.90 Collecting SQLAlchemy>=2.0 (from -r requirements.txt (line 17))
#13 40.93   Downloading sqlalchemy-2.0.44-cp313-cp313-manylinux_2_17_x86_64.manylinux2014_x86_64.whl.metadata (9.5 kB)
#13 41.07 Collecting bleak<0.23.0,>=0.22.3 (from meshtastic==2.7.4->-r requirements.txt (line 10))
#13 41.13   Downloading bleak-0.22.3-py3-none-any.whl.metadata (5.4 kB)
#13 41.26 Collecting packaging<25.0,>=24.0 (from meshtastic==2.7.4->-r requirements.txt (line 10))
#13 41.32   Downloading packaging-24.2-py3-none-any.whl.metadata (3.2 kB)
#13 41.41 Collecting pypubsub<5.0.0,>=4.0.3 (from meshtastic==2.7.4->-r requirements.txt (line 10))
#13 41.46   Downloading Pypubsub-4.0.3-py3-none-any.whl.metadata (2.2 kB)
#13 41.54 Collecting pyserial<4.0,>=3.5 (from meshtastic==2.7.4->-r requirements.txt (line 10))
#13 41.58   Downloading pyserial-3.5-py2.py3-none-any.whl.metadata (1.6 kB)
#13 41.72 Collecting pyyaml<7.0.0,>=6.0.1 (from meshtastic==2.7.4->-r requirements.txt (line 10))
#13 41.77   Downloading pyyaml-6.0.3-cp313-cp313-manylinux2014_x86_64.manylinux_2_17_x86_64.manylinux_2_28_x86_64.whl.metadata (2.4 kB)
#13 41.86 Collecting tabulate<0.10.0,>=0.9.0 (from meshtastic==2.7.4->-r requirements.txt (line 10))
#13 41.90   Downloading tabulate-0.9.0-py3-none-any.whl.metadata (34 kB)
#13 42.15 Collecting charset_normalizer<4,>=2 (from requests->-r requirements.txt (line 4))
#13 42.21   Downloading charset_normalizer-3.4.4-cp313-cp313-manylinux2014_x86_64.manylinux_2_17_x86_64.manylinux_2_28_x86_64.whl.metadata (37 kB)
#13 42.36 Collecting idna<4,>=2.5 (from requests->-r requirements.txt (line 4))
#13 42.40   Downloading idna-3.11-py3-none-any.whl.metadata (8.4 kB)
#13 42.55 Collecting urllib3<3,>=1.21.1 (from requests->-r requirements.txt (line 4))
#13 42.60   Downloading urllib3-2.5.0-py3-none-any.whl.metadata (6.5 kB)
#13 42.72 Collecting certifi>=2017.4.17 (from requests->-r requirements.txt (line 4))
#13 42.77   Downloading certifi-2025.11.12-py3-none-any.whl.metadata (2.5 kB)
#13 43.25 Collecting dbus-fast<3,>=1.83.0 (from bleak<0.23.0,>=0.22.3->meshtastic==2.7.4->-r requirements.txt (line 10))
#13 43.30   Downloading dbus_fast-2.46.4-cp313-cp313-manylinux_2_36_x86_64.whl.metadata (10 kB)
#13 43.43 Collecting blinker>=1.9.0 (from Flask>=2.3->-r requirements.txt (line 2))
#13 43.47   Downloading blinker-1.9.0-py3-none-any.whl.metadata (1.6 kB)
#13 43.57 Collecting click>=8.1.3 (from Flask>=2.3->-r requirements.txt (line 2))
#13 43.62   Downloading click-8.3.1-py3-none-any.whl.metadata (2.6 kB)
#13 43.70 Collecting itsdangerous>=2.2.0 (from Flask>=2.3->-r requirements.txt (line 2))
#13 43.74   Downloading itsdangerous-2.2.0-py3-none-any.whl.metadata (1.9 kB)
#13 43.84 Collecting jinja2>=3.1.2 (from Flask>=2.3->-r requirements.txt (line 2))
#13 43.88   Downloading jinja2-3.1.6-py3-none-any.whl.metadata (2.9 kB)
#13 44.06 Collecting markupsafe>=2.1.1 (from Flask>=2.3->-r requirements.txt (line 2))
#13 44.10   Downloading markupsafe-3.0.3-cp313-cp313-manylinux2014_x86_64.manylinux_2_17_x86_64.manylinux_2_28_x86_64.whl.metadata (2.7 kB)
#13 44.25 Collecting werkzeug>=3.1.0 (from Flask>=2.3->-r requirements.txt (line 2))
#13 44.31   Downloading werkzeug-3.1.4-py3-none-any.whl.metadata (4.0 kB)
#13 44.62 Collecting cffi>=2.0.0 (from cryptography>=42.0.0->-r requirements.txt (line 5))
#13 44.67   Downloading cffi-2.0.0-cp313-cp313-manylinux2014_x86_64.manylinux_2_17_x86_64.whl.metadata (2.6 kB)
#13 44.79 Collecting limits>=3.13 (from Flask-Limiter>=3.3.0->-r requirements.txt (line 7))
#13 44.84   Downloading limits-5.6.0-py3-none-any.whl.metadata (10 kB)
#13 44.91 Collecting ordered-set<5,>4 (from Flask-Limiter>=3.3.0->-r requirements.txt (line 7))
#13 44.95   Downloading ordered_set-4.1.0-py3-none-any.whl.metadata (5.3 kB)
#13 45.14 Collecting rich<15,>=12 (from Flask-Limiter>=3.3.0->-r requirements.txt (line 7))
#13 45.21   Downloading rich-14.2.0-py3-none-any.whl.metadata (18 kB)
#13 45.37 Collecting typing-extensions>=4.3 (from Flask-Limiter>=3.3.0->-r requirements.txt (line 7))
#13 45.41   Downloading typing_extensions-4.15.0-py3-none-any.whl.metadata (3.3 kB)
#13 45.54 Collecting markdown-it-py>=2.2.0 (from rich<15,>=12->Flask-Limiter>=3.3.0->-r requirements.txt (line 7))
#13 45.59   Downloading markdown_it_py-4.0.0-py3-none-any.whl.metadata (7.3 kB)
#13 45.72 Collecting pygments<3.0.0,>=2.13.0 (from rich<15,>=12->Flask-Limiter>=3.3.0->-r requirements.txt (line 7))
#13 45.77   Downloading pygments-2.19.2-py3-none-any.whl.metadata (2.5 kB)
#13 46.02 Collecting greenlet>=1 (from SQLAlchemy>=2.0->-r requirements.txt (line 17))
#13 46.07   Downloading greenlet-3.2.4-cp313-cp313-manylinux_2_24_x86_64.manylinux_2_28_x86_64.whl.metadata (4.1 kB)
#13 46.17 Collecting pycparser (from cffi>=2.0.0->cryptography>=42.0.0->-r requirements.txt (line 5))
#13 46.24   Downloading pycparser-2.23-py3-none-any.whl.metadata (993 bytes)
#13 46.32 Collecting deprecated>=1.2 (from limits>=3.13->Flask-Limiter>=3.3.0->-r requirements.txt (line 7))
#13 46.37   Downloading deprecated-1.3.1-py2.py3-none-any.whl.metadata (5.9 kB)
#13 46.66 Collecting wrapt<3,>=1.10 (from deprecated>=1.2->limits>=3.13->Flask-Limiter>=3.3.0->-r requirements.txt (line 7))
#13 46.70   Downloading wrapt-2.0.1-cp313-cp313-manylinux1_x86_64.manylinux_2_28_x86_64.manylinux_2_5_x86_64.whl.metadata (9.0 kB)
#13 46.80 Collecting mdurl~=0.1 (from markdown-it-py>=2.2.0->rich<15,>=12->Flask-Limiter>=3.3.0->-r requirements.txt (line 7))
#13 46.84   Downloading mdurl-0.1.2-py3-none-any.whl.metadata (1.6 kB)
#13 46.90 Downloading meshtastic-2.7.4-py3-none-any.whl (328 kB)
#13 47.12 Downloading paho_mqtt-2.1.0-py3-none-any.whl (67 kB)
#13 47.20 Downloading requests-2.32.5-py3-none-any.whl (64 kB)
#13 47.28 Downloading bleak-0.22.3-py3-none-any.whl (142 kB)
#13 47.42 Downloading charset_normalizer-3.4.4-cp313-cp313-manylinux2014_x86_64.manylinux_2_17_x86_64.manylinux_2_28_x86_64.whl (153 kB)
#13 47.58 Downloading dbus_fast-2.46.4-cp313-cp313-manylinux_2_36_x86_64.whl (792 kB)
#13 47.86    ━━━━━━━━━━━━━━━━━━━━━━━━━━━━━━━━━━━━━━━━ 792.6/792.6 kB 3.8 MB/s  0:00:00#13 ...

#15 [linux/arm64 6/6] RUN groupadd --system app && useradd --system --gid app --create-home --home-dir /home/app app     && chown -R app:app /app
#15 DONE 0.1s

#13 [linux/amd64 4/6] RUN apt-get update     && apt-get install -y --no-install-recommends gcc build-essential curl ca-certificates     && pip install --no-cache-dir -r requirements.txt     && apt-get remove -y gcc build-essential     && apt-get autoremove -y     && rm -rf /var/lib/apt/lists/*
#13 47.86    ━━━━━━━━━━━━━━━━━━━━━━━━━━━━━━━━━━━━━━━━ 792.6/792.6 kB 3.8 MB/s  0:00:00
#13 47.89 Downloading idna-3.11-py3-none-any.whl (71 kB)
#13 47.97 Downloading packaging-24.2-py3-none-any.whl (65 kB)
#13 48.07 Downloading Pypubsub-4.0.3-py3-none-any.whl (61 kB)
#13 48.20 Downloading pyserial-3.5-py2.py3-none-any.whl (90 kB)
#13 48.31 Downloading pyyaml-6.0.3-cp313-cp313-manylinux2014_x86_64.manylinux_2_17_x86_64.manylinux_2_28_x86_64.whl (801 kB)
#13 48.55    ━━━━━━━━━━━━━━━━━━━━━━━━━━━━━━━━━━━━━━━━ 801.6/801.6 kB 5.1 MB/s  0:00:00
#13 48.58 Downloading tabulate-0.9.0-py3-none-any.whl (35 kB)
#13 48.65 Downloading urllib3-2.5.0-py3-none-any.whl (129 kB)
#13 48.78 Downloading flask-3.1.2-py3-none-any.whl (103 kB)
#13 48.91 Downloading python_dotenv-1.2.1-py3-none-any.whl (21 kB)
#13 49.01 Downloading cryptography-46.0.3-cp311-abi3-manylinux_2_34_x86_64.whl (4.5 MB)
#13 49.61    ━━━━━━━━━━━━━━━━━━━━━━━━━━━━━━━━━━━━━━━━ 4.5/4.5 MB 8.7 MB/s  0:00:00
#13 49.65 Downloading gunicorn-23.0.0-py3-none-any.whl (85 kB)
#13 49.73 Downloading flask_limiter-4.0.0-py3-none-any.whl (29 kB)
#13 49.83 Downloading ordered_set-4.1.0-py3-none-any.whl (7.6 kB)
#13 49.91 Downloading rich-14.2.0-py3-none-any.whl (243 kB)
#13 50.03 Downloading pygments-2.19.2-py3-none-any.whl (1.2 MB)
#13 50.21    ━━━━━━━━━━━━━━━━━━━━━━━━━━━━━━━━━━━━━━━━ 1.2/1.2 MB 10.9 MB/s  0:00:00
#13 50.24 Downloading protobuf-6.33.1-cp39-abi3-manylinux2014_x86_64.whl (323 kB)
#13 50.34 Downloading sqlalchemy-2.0.44-cp313-cp313-manylinux_2_17_x86_64.manylinux2014_x86_64.whl (3.3 MB)
#13 50.66    ━━━━━━━━━━━━━━━━━━━━━━━━━━━━━━━━━━━━━━━━ 3.3/3.3 MB 12.7 MB/s  0:00:00
#13 50.69 Downloading blinker-1.9.0-py3-none-any.whl (8.5 kB)
#13 50.73 Downloading certifi-2025.11.12-py3-none-any.whl (159 kB)
#13 50.84 Downloading cffi-2.0.0-cp313-cp313-manylinux2014_x86_64.manylinux_2_17_x86_64.whl (219 kB)
#13 50.97 Downloading click-8.3.1-py3-none-any.whl (108 kB)
#13 51.07 Downloading greenlet-3.2.4-cp313-cp313-manylinux_2_24_x86_64.manylinux_2_28_x86_64.whl (610 kB)
#13 51.19    ━━━━━━━━━━━━━━━━━━━━━━━━━━━━━━━━━━━━━━━━ 610.5/610.5 kB 9.7 MB/s  0:00:00
#13 51.22 Downloading itsdangerous-2.2.0-py3-none-any.whl (16 kB)
#13 51.28 Downloading jinja2-3.1.6-py3-none-any.whl (134 kB)
#13 51.39 Downloading limits-5.6.0-py3-none-any.whl (60 kB)
#13 51.51 Downloading deprecated-1.3.1-py2.py3-none-any.whl (11 kB)
#13 51.62 Downloading wrapt-2.0.1-cp313-cp313-manylinux1_x86_64.manylinux_2_28_x86_64.manylinux_2_5_x86_64.whl (121 kB)
#13 51.71 Downloading markdown_it_py-4.0.0-py3-none-any.whl (87 kB)
#13 51.81 Downloading mdurl-0.1.2-py3-none-any.whl (10.0 kB)
#13 51.86 Downloading markupsafe-3.0.3-cp313-cp313-manylinux2014_x86_64.manylinux_2_17_x86_64.manylinux_2_28_x86_64.whl (22 kB)
#13 51.94 Downloading typing_extensions-4.15.0-py3-none-any.whl (44 kB)
#13 52.05 Downloading werkzeug-3.1.4-py3-none-any.whl (224 kB)
#13 52.13 Downloading pycparser-2.23-py3-none-any.whl (118 kB)
#13 52.37 Installing collected packages: pyserial, wrapt, urllib3, typing-extensions, tabulate, pyyaml, python-dotenv, pypubsub, pygments, pycparser, protobuf, paho-mqtt, packaging, ordered-set, mdurl, markupsafe, itsdangerous, idna, greenlet, dbus-fast, click, charset_normalizer, certifi, blinker, werkzeug, SQLAlchemy, requests, markdown-it-py, jinja2, gunicorn, deprecated, cffi, bleak, rich, meshtastic, limits, Flask, cryptography, Flask-Limiter
#13 57.87 
#13 57.90 Successfully installed Flask-3.1.2 Flask-Limiter-4.0.0 SQLAlchemy-2.0.44 bleak-0.22.3 blinker-1.9.0 certifi-2025.11.12 cffi-2.0.0 charset_normalizer-3.4.4 click-8.3.1 cryptography-46.0.3 dbus-fast-2.46.4 deprecated-1.3.1 greenlet-3.2.4 gunicorn-23.0.0 idna-3.11 itsdangerous-2.2.0 jinja2-3.1.6 limits-5.6.0 markdown-it-py-4.0.0 markupsafe-3.0.3 mdurl-0.1.2 meshtastic-2.7.4 ordered-set-4.1.0 packaging-24.2 paho-mqtt-2.1.0 protobuf-6.33.1 pycparser-2.23 pygments-2.19.2 pypubsub-4.0.3 pyserial-3.5 python-dotenv-1.2.1 pyyaml-6.0.3 requests-2.32.5 rich-14.2.0 tabulate-0.9.0 typing-extensions-4.15.0 urllib3-2.5.0 werkzeug-3.1.4 wrapt-2.0.1
#13 57.90 WARNING: Running pip as the 'root' user can result in broken permissions and conflicting behaviour with the system package manager, possibly rendering your system unusable. It is recommended to use a virtual environment instead: https://pip.pypa.io/warnings/venv. Use the --root-user-action option if you know what you are doing and want to suppress this warning.
#13 58.34 
#13 58.34 [notice] A new release of pip is available: 25.2 -> 25.3
#13 58.34 [notice] To update, run: pip install --upgrade pip
#13 59.14 Reading package lists...
#13 59.70 Building dependency tree...
#13 59.86 Reading state information...
#13 60.04 The following packages were automatically installed and are no longer required:
#13 60.04   binutils binutils-common binutils-x86-64-linux-gnu bzip2 cpp cpp-14
#13 60.04   cpp-14-x86-64-linux-gnu cpp-x86-64-linux-gnu dpkg-dev g++-14
#13 60.04   g++-14-x86-64-linux-gnu g++-x86-64-linux-gnu gcc-14 gcc-14-x86-64-linux-gnu
#13 60.04   gcc-x86-64-linux-gnu libasan8 libatomic1 libbinutils libc-dev-bin libc6-dev
#13 60.04   libcc1-0 libcrypt-dev libctf-nobfd0 libctf0 libdpkg-perl libgcc-14-dev
#13 60.04   libgdbm-compat4t64 libgomp1 libgprofng0 libhwasan0 libisl23 libitm1
#13 60.04   libjansson4 liblsan0 libmpc3 libmpfr6 libperl5.40 libquadmath0 libsframe1
#13 60.04   libstdc++-14-dev libtsan2 libubsan1 linux-libc-dev make patch perl
#13 60.04   perl-modules-5.40 rpcsvc-proto xz-utils
#13 60.04 Use 'apt autoremove' to remove them.
#13 60.06 The following packages will be REMOVED:
#13 60.06   build-essential g++ gcc
#13 60.48 0 upgraded, 0 newly installed, 3 to remove and 0 not upgraded.
#13 60.48 After this operation, 67.6 kB disk space will be freed.
#13 60.51 (Reading database ... (Reading database ... 5%(Reading database ... 10%(Reading database ... 15%(Reading database ... 20%(Reading database ... 25%(Reading database ... 30%(Reading database ... 35%(Reading database ... 40%(Reading database ... 45%(Reading database ... 50%(Reading database ... 55%(Reading database ... 60%(Reading database ... 65%(Reading database ... 70%(Reading database ... 75%(Reading database ... 80%(Reading database ... 85%(Reading database ... 90%(Reading database ... 95%(Reading database ... 100%(Reading database ... 13732 files and directories currently installed.)
#13 60.52 Removing build-essential (12.12) ...
#13 60.53 Removing g++ (4:14.2.0-1) ...
#13 60.58 Removing gcc (4:14.2.0-1) ...
#13 60.78 Reading package lists...
#13 61.30 Building dependency tree...
#13 61.45 Reading state information...
#13 61.67 The following packages will be REMOVED:
#13 61.67   binutils binutils-common binutils-x86-64-linux-gnu bzip2 cpp cpp-14
#13 61.67   cpp-14-x86-64-linux-gnu cpp-x86-64-linux-gnu dpkg-dev g++-14
#13 61.67   g++-14-x86-64-linux-gnu g++-x86-64-linux-gnu gcc-14 gcc-14-x86-64-linux-gnu
#13 61.67   gcc-x86-64-linux-gnu libasan8 libatomic1 libbinutils libc-dev-bin libc6-dev
#13 61.67   libcc1-0 libcrypt-dev libctf-nobfd0 libctf0 libdpkg-perl libgcc-14-dev
#13 61.67   libgdbm-compat4t64 libgomp1 libgprofng0 libhwasan0 libisl23 libitm1
#13 61.67   libjansson4 liblsan0 libmpc3 libmpfr6 libperl5.40 libquadmath0 libsframe1
#13 61.67   libstdc++-14-dev libtsan2 libubsan1 linux-libc-dev make patch perl
#13 61.67   perl-modules-5.40 rpcsvc-proto xz-utils
#13 62.02 0 upgraded, 0 newly installed, 49 to remove and 0 not upgraded.
#13 62.02 After this operation, 336 MB disk space will be freed.
#13 62.05 (Reading database ... (Reading database ... 5%(Reading database ... 10%(Reading database ... 15%(Reading database ... 20%(Reading database ... 25%(Reading database ... 30%(Reading database ... 35%(Reading database ... 40%(Reading database ... 45%(Reading database ... 50%(Reading database ... 55%(Reading database ... 60%(Reading database ... 65%(Reading database ... 70%(Reading database ... 75%(Reading database ... 80%(Reading database ... 85%(Reading database ... 90%(Reading database ... 95%(Reading database ... 100%(Reading database ... 13700 files and directories currently installed.)
#13 62.05 Removing g++-14 (14.2.0-19) ...
#13 62.07 Removing gcc-14 (14.2.0-19) ...
#13 62.08 Removing dpkg-dev (1.22.21) ...
#13 62.10 Removing binutils (2.44-3) ...
#13 62.12 Removing libgprofng0:amd64 (2.44-3) ...
#13 62.14 Removing g++-x86-64-linux-gnu (4:14.2.0-1) ...
#13 62.16 Removing gcc-x86-64-linux-gnu (4:14.2.0-1) ...
#13 62.18 Removing bzip2 (1.0.8-6) ...
#13 62.21 Removing cpp (4:14.2.0-1) ...
#13 62.38 Removing cpp-14 (14.2.0-19) ...
#13 62.39 Removing cpp-x86-64-linux-gnu (4:14.2.0-1) ...
#13 62.40 Removing g++-14-x86-64-linux-gnu (14.2.0-19) ...
#13 62.42 Removing libstdc++-14-dev:amd64 (14.2.0-19) ...
#13 62.48 Removing libc6-dev:amd64 (2.41-12) ...
#13 62.51 Removing libc-dev-bin (2.41-12) ...
#13 62.53 Removing libcrypt-dev:amd64 (1:4.4.38-1) ...
#13 62.67 Removing libdpkg-perl (1.22.21) ...
#13 62.68 Removing perl (5.40.1-6) ...
#13 62.69 Removing libperl5.40:amd64 (5.40.1-6) ...
#13 62.72 Removing libgdbm-compat4t64:amd64 (1.24-2) ...
#13 62.74 Removing linux-libc-dev (6.12.57-1) ...
#13 62.80 Removing make (4.4.1-2) ...
#13 62.81 Removing patch (2.8-2) ...
#13 62.82 Removing perl-modules-5.40 (5.40.1-6) ...
#13 62.86 Removing rpcsvc-proto (1.4.3-1) ...
#13 62.87 Removing xz-utils (5.8.1-1) ...
#13 62.91 Removing gcc-14-x86-64-linux-gnu (14.2.0-19) ...
#13 62.93 Removing binutils-x86-64-linux-gnu (2.44-3) ...
#13 62.94 Removing libctf0:amd64 (2.44-3) ...
#13 62.95 Removing libbinutils:amd64 (2.44-3) ...
#13 62.96 Removing binutils-common:amd64 (2.44-3) ...
#13 62.97 Removing cpp-14-x86-64-linux-gnu (14.2.0-19) ...
#13 62.98 Removing libgcc-14-dev:amd64 (14.2.0-19) ...
#13 62.99 Removing libasan8:amd64 (14.2.0-19) ...
#13 63.01 Removing libatomic1:amd64 (14.2.0-19) ...
#13 63.02 Removing libcc1-0:amd64 (14.2.0-19) ...
#13 63.02 Removing libctf-nobfd0:amd64 (2.44-3) ...
#13 63.04 Removing libgomp1:amd64 (14.2.0-19) ...
#13 63.05 Removing libhwasan0:amd64 (14.2.0-19) ...
#13 63.06 Removing libisl23:amd64 (0.27-1) ...
#13 63.06 Removing libitm1:amd64 (14.2.0-19) ...
#13 63.07 Removing libjansson4:amd64 (2.14-2+b3) ...
#13 63.08 Removing liblsan0:amd64 (14.2.0-19) ...
#13 63.09 Removing libmpc3:amd64 (1.3.1-1+b3) ...
#13 63.10 Removing libmpfr6:amd64 (4.2.2-1) ...
#13 63.11 Removing libquadmath0:amd64 (14.2.0-19) ...
#13 63.12 Removing libsframe1:amd64 (2.44-3) ...
#13 63.13 Removing libtsan2:amd64 (14.2.0-19) ...
#13 63.14 Removing libubsan1:amd64 (14.2.0-19) ...
#13 63.18 Processing triggers for libc-bin (2.41-12) ...
#13 DONE 63.4s

#16 [linux/amd64 5/6] COPY . /app
#16 DONE 0.1s

#17 [linux/amd64 6/6] RUN groupadd --system app && useradd --system --gid app --create-home --home-dir /home/app app     && chown -R app:app /app
#17 DONE 0.2s

#18 exporting to image
#18 exporting layers
#18 exporting layers 2.4s done
#18 exporting manifest sha256:565d53bfddc2fd6a67aad017a992ea978db42ea7f0fdaf29d0f6b5a4dff99e86
#18 exporting manifest sha256:565d53bfddc2fd6a67aad017a992ea978db42ea7f0fdaf29d0f6b5a4dff99e86 done
#18 exporting config sha256:935cb4223aae2c5f8e059c80efa78ce8df39f32c2262ad73d38206639030a109 done
#18 exporting attestation manifest sha256:4afaedc54d1e69f8d351d7b804c828c1f33002929d1bee125845c16575633d0d 0.0s done
#18 exporting manifest sha256:5cbdbd1407e403148b10731ac88fc1fc221367c80d8265ce60cee68510f15c10 done
#18 exporting config sha256:152fca262cded70e302dbb3dd21feb723cc77c571ac7051125911ec07fce3655 done
#18 exporting attestation manifest sha256:cb18e66271b277c0b9f852d54ec5be66f3b6090f6004b59914009ff28c0c3351 0.0s done
#18 exporting manifest list sha256:977ed1a82724db289b10538bca8002e99ce479ea0d986fd2e38461fb076b1d9d done
#18 pushing layers
#18 ...

#19 [auth] dokwerker8891/buoy-tracker:pull,push token for registry-1.docker.io
#19 DONE 0.0s

#18 exporting to image
#18 pushing layers 30.9s done
#18 pushing manifest for docker.io/dokwerker8891/buoy-tracker:0.92@sha256:977ed1a82724db289b10538bca8002e99ce479ea0d986fd2e38461fb076b1d9d
#18 pushing manifest for docker.io/dokwerker8891/buoy-tracker:0.92@sha256:977ed1a82724db289b10538bca8002e99ce479ea0d986fd2e38461fb076b1d9d 5.2s done
#18 pushing layers
#18 pushing layers 0.8s done
#18 pushing manifest for docker.io/dokwerker8891/buoy-tracker:latest@sha256:977ed1a82724db289b10538bca8002e99ce479ea0d986fd2e38461fb076b1d9d
#18 pushing manifest for docker.io/dokwerker8891/buoy-tracker:latest@sha256:977ed1a82724db289b10538bca8002e99ce479ea0d986fd2e38461fb076b1d9d 2.5s done
#18 DONE 42.0s

View build details: docker-desktop://dashboard/build/buoy-builder/buoy-builder0/ukmq4o7l64wna22pesc5h9ene
